Microchip MPLAB XC8 Compiler V1.45 ()

Linker command line:

-W-3 --edf=C:\Program Files (x86)\Microchip\xc8\v1.45\dat\en_msgs.txt -cs \
  -h+dist/default/production\Peripheral_Exercices_2.X.production.sym \
  --cmf=dist/default/production\Peripheral_Exercices_2.X.production.cmf -z \
  -Q18LF46J13 -oC:\Users\CEDRIC\AppData\Local\Temp\s25c.2 \
  -Mdist/default/production/Peripheral_Exercices_2.X.production.map -E1 \
  -ver=XC8 -ASTACK=0200h-0eafh -pstack=STACK -ACODE=00h-0FFF7h \
  -ACONST=00h-0FFF7h -ASMALLCONST=0F00h-0FFFhx240,0FF00h-0FFF7h \
  -AMEDIUMCONST=0F00h-0FFF7h -ACOMRAM=01h-05Fh -AABS1=00h-0EAFh \
  -ABIGRAM=01h-0EAFh -ARAM=060h-0FFh,0100h-01FFhx13,0E00h-0EAFh \
  -ABANK0=060h-0FFh -ABANK1=0100h-01FFh -ABANK2=0200h-02FFh \
  -ABANK3=0300h-03FFh -ABANK4=0400h-04FFh -ABANK5=0500h-05FFh \
  -ABANK6=0600h-06FFh -ABANK7=0700h-07FFh -ABANK8=0800h-08FFh \
  -ABANK9=0900h-09FFh -ABANK10=0A00h-0AFFh -ABANK11=0B00h-0BFFh \
  -ABANK12=0C00h-0CFFh -ABANK13=0D00h-0DFFh -ABANK14=0E00h-0EAFh \
  -ASFR=0EB0h-0EFFh,0F00h-0F5Fh,0F60h-0FFFh \
  -preset_vec=00h,intcode,intcodelo,powerup,init -pramtop=0F00h \
  -psmallconst=SMALLCONST -pmediumconst=MEDIUMCONST -pconst=CONST \
  -AFARRAM=00h-00h -ACONFIG=0FFF8h-0FFFFh -pconfig=CONFIG \
  -pjflash_buffer=0F800h \
  -prdata=COMRAM,nvrram=COMRAM,nvbit=COMRAM,rbss=COMRAM,rbit=COMRAM \
  -pfarbss=FARRAM,fardata=FARRAM,nvFARRAM=FARRAM \
  -pintsave_regs=BIGRAM,bigbss=BIGRAM,bigdata=BIGRAM -pbss=RAM \
  -pidata=CODE,irdata=CODE,ibigdata=CODE,ifardata=CODE -prparam=COMRAM \
  C:\Users\CEDRIC\AppData\Local\Temp\s25c.obj \
  dist/default/production\Peripheral_Exercices_2.X.production.obj 

Object code version is 3.11

Machine type is 18LF46J13

Call graph: (short form)




                Name                               Link     Load   Length Selector   Space Scale
C:\Users\CEDRIC\AppData\Local\Temp\s25c.obj
                init                                  0        0        4        0       0
                config                             FFF8     FFF8        8     FFF8       0
dist/default/production\Peripheral_Exercices_2.X.production.obj
                smallconst                          F00      F00       42      780       0
                text21                             1462     1462        A      A09       0
                text20                             13CA     13CA       1A      7A1       0
                text19                             1458     1458        A      A09       0
                text18                             1412     1412       10      A09       0
                text17                             1336     1336       2A      7A1       0
                text16                              F42      F42       D0      7A1       0
                text15                             144E     144E        A      A09       0
                text14                             1444     1444        A      A09       0
                text13                             143A     143A        A      A09       0
                text12                             12A2     12A2       3E      7A1       0
                text11                             1012     1012       CC      7A1       0
                text10                             1360     1360       26      7A1       0
                text9                              11CC     11CC       54      7A1       0
                text8                              130C     130C       2A      7A1       0
                text7                              1220     1220       44      7A1       0
                text6                              1422     1422        E      A09       0
                text5                              13E4     13E4       18      7A1       0
                text4                              1386     1386       24      7A1       0
                text3                              12E0     12E0       2C      7A1       0
                text2                              10DE     10DE       84      7A1       0
                text1                              1430     1430        A      A09       0
                text0                              1264     1264       3E      7A1       0
                cstackCOMRAM                         20       20       17        1       1
                bssBANK1                            100      100      100      100       1
                dataBANK0                            60       60       20       60       1
                dataCOMRAM                           37       37       15        1       1
                bssCOMRAM                             1        1       1F        1       1
                cinit                              1162     1162       6A      7A1       0
                idataBANK0                         13AA     13AA       20      7A1       0
                idataCOMRAM                        13FC     13FC       15      7A1       0

TOTAL           Name                               Link     Load   Length     Space
        CLASS   STACK          

        CLASS   CODE           
                init                                  0        0        4         0
                text21                             1462     1462        A         0
                text20                             13CA     13CA       1A         0
                text19                             1458     1458        A         0
                text18                             1412     1412       10         0
                text17                             1336     1336       2A         0
                text16                              F42      F42       D0         0
                text15                             144E     144E        A         0
                text14                             1444     1444        A         0
                text13                             143A     143A        A         0
                text12                             12A2     12A2       3E         0
                text11                             1012     1012       CC         0
                text10                             1360     1360       26         0
                text9                              11CC     11CC       54         0
                text8                              130C     130C       2A         0
                text7                              1220     1220       44         0
                text6                              1422     1422        E         0
                text5                              13E4     13E4       18         0
                text4                              1386     1386       24         0
                text3                              12E0     12E0       2C         0
                text2                              10DE     10DE       84         0
                text1                              1430     1430        A         0
                text0                              1264     1264       3E         0
                cinit                              1162     1162       6A         0
                idataBANK0                         13AA     13AA       20         0
                idataCOMRAM                        13FC     13FC       15         0

        CLASS   CONST          

        CLASS   SMALLCONST     
                smallconst                          F00      F00       42         0

        CLASS   MEDIUMCONST    

        CLASS   COMRAM         
                cstackCOMRAM                         20       20       17         1
                dataCOMRAM                           37       37       15         1
                bssCOMRAM                             1        1       1F         1

        CLASS   ABS1           

        CLASS   BIGRAM         

        CLASS   RAM            

        CLASS   BANK0          
                dataBANK0                            60       60       20         1

        CLASS   BANK1          
                bssBANK1                            100      100      100         1

        CLASS   BANK2          

        CLASS   BANK3          

        CLASS   BANK4          

        CLASS   BANK5          

        CLASS   BANK6          

        CLASS   BANK7          

        CLASS   BANK8          

        CLASS   BANK9          

        CLASS   BANK10         

        CLASS   BANK11         

        CLASS   BANK12         

        CLASS   BANK13         

        CLASS   BANK14         

        CLASS   SFR            

        CLASS   FARRAM         

        CLASS   CONFIG         
                config                             FFF8     FFF8        8         0

        CLASS   IDLOC          



SEGMENTS        Name                           Load    Length   Top    Selector   Space  Class

                reset_vec                      000000  000004  000004         0       0  CODE    
                bssCOMRAM                      000001  00004B  00004C         1       1  COMRAM  
                dataBANK0                      000060  000020  000080        60       1  BANK0   
                bssBANK1                       000100  000100  000200       100       1  BANK1   
                smallconst                     000F00  000042  000F42       780       0  SMALLCON
                text16                         000F42  0004CF  001411       7A1       0  CODE    
                text18                         001412  00005A  00146C       A09       0  CODE    
                config                         00FFF8  000008  010000      FFF8       0  CONFIG  


UNUSED ADDRESS RANGES

        Name                Unused          Largest block    Delta
        BANK0            00080-000FF              80
        BANK10           00A00-00AFF             100
        BANK11           00B00-00BFF             100
        BANK12           00C00-00CFF             100
        BANK13           00D00-00DFF             100
        BANK14           00E00-00EAF              B0
        BANK2            00200-002FF             100
        BANK3            00300-003FF             100
        BANK4            00400-004FF             100
        BANK5            00500-005FF             100
        BANK6            00600-006FF             100
        BANK7            00700-007FF             100
        BANK8            00800-008FF             100
        BANK9            00900-009FF             100
        BIGRAM           0004C-0005F              14
                         00080-000FF              80
                         00200-00EAF             CB0
        CODE             00004-00EFF             EFC
                         01411-01411               1
                         0146C-0FFF7            EB8C
        COMRAM           0004C-0005F              14
        CONST            00004-00EFF             EFC
                         01411-01411               1
                         0146C-0FFF7            EB8C
        MEDIUMCONST      01411-01411               1
                         0146C-0FFF7            EB8C
        RAM              00080-000FF              80
                         00200-00EAF             100
        SFR              00EB0-00FFF              60
        SMALLCONST       01411-01411               1
                         0146C-0FFF7             100
        STACK            00200-00EAF             CB0

                                  Symbol Table

?___aldiv                                       cstackCOMRAM  00026
?___wmul                                        cstackCOMRAM  00020
EUSART1_SetErrorHandler@interruptHandler        cstackCOMRAM  00020
EUSART1_SetFramingErrorHandler@interruptHandler cstackCOMRAM  00020
EUSART1_SetOverrunErrorHandler@interruptHandler cstackCOMRAM  00020
I2C_Init@F_clock                                cstackCOMRAM  00034
I2C_Write@data                                  cstackCOMRAM  00020
PCF8523_setDate@F7823                           dataCOMRAM    00047
PCF8523_setTime@F7816                           dataCOMRAM    00037
SSD1306_writeCMD@controlReg                     cstackCOMRAM  00022
SSD1306_writeCMD@dataByte                       cstackCOMRAM  00021
_ADC                                            bssCOMRAM     00017
_ANCON0                                         (abs)         00F48
_ANCON1                                         (abs)         00F49
_BAUDCON1                                       (abs)         00F7E
_EUSART1_DefaultErrorHandler                    (abs)         00000
_EUSART1_DefaultFramingErrorHandler             (abs)         00000
_EUSART1_DefaultOverrunErrorHandler             (abs)         00000
_EUSART1_ErrorHandler                           bssCOMRAM     00019
_EUSART1_FramingErrorHandler                    bssCOMRAM     0001D
_EUSART1_Initialize                             text12        012A2
_EUSART1_OverrunErrorHandler                    bssCOMRAM     0001B
_EUSART1_SetErrorHandler                        text15        0144E
_EUSART1_SetFramingErrorHandler                 text14        01444
_EUSART1_SetOverrunErrorHandler                 text13        0143A
_I2C_Init                                       text9         011CC
_I2C_Write                                      text20        013CA
_I2C_buffClear                                  text18        01412
_I2C_start                                      text19        01458
_I2C_stop                                       text21        01462
_INTCON2bits                                    (abs)         00FF1
_INTCONbits                                     (abs)         00FF2
_LATA                                           (abs)         00F89
_LATB                                           (abs)         00F8A
_LATC                                           (abs)         00F8B
_LATCbits                                       (abs)         00F8B
_LATD                                           (abs)         00F8C
_LATE                                           (abs)         00F8D
_LATEbits                                       (abs)         00F8D
_MAX31_ADC                                      bssCOMRAM     0000F
_ODCON1                                         (abs)         00F42
_ODCON2                                         (abs)         00F41
_ODCON3                                         (abs)         00F40
_OSCCON                                         (abs)         00FD3
_OSCCON2                                        (abs)         00F87
_OSCILLATOR_Initialize                          text8         0130C
_OSCTUNE                                        (abs)         00F9B
_PIE3bits                                       (abs)         00FA3
_PIN_MANAGER_Initialize                         text7         01220
_PIR1bits                                       (abs)         00F9E
_PIR3bits                                       (abs)         00FA4
_PORTBbits                                      (abs)         00F81
_RCREG1                                         (abs)         00FAF
_RCSTA1                                         (abs)         00FAC
_RCSTA1bits                                     (abs)         00FAC
_REFOCON                                        (abs)         00F3D
_SPBRG1                                         (abs)         00FB0
_SPBRGH1                                        (abs)         00F7F
_SPI1_Initialize                                text6         01422
_SSD1306_Init                                   text16        00F42
_SSD1306_writeCMD                               text17        01336
_SSP1ADD                                        (abs)         00FC8
_SSP1BUF                                        (abs)         00FC9
_SSP1CON1                                       (abs)         00FC6
_SSP1CON1bits                                   (abs)         00FC6
_SSP1STAT                                       (abs)         00FC7
_SSP1STATbits                                   (abs)         00FC7
_SSP2ADD                                        (abs)         00F74
_SSP2BUF                                        (abs)         00F75
_SSP2CON1bits                                   (abs)         00F72
_SSP2CON2bits                                   (abs)         00F71
_SSP2STATbits                                   (abs)         00F73
_SYSTEM_Initialize                              text5         013E4
_TRISA                                          (abs)         00F92
_TRISB                                          (abs)         00F93
_TRISC                                          (abs)         00F94
_TRISCbits                                      (abs)         00F94
_TRISD                                          (abs)         00F95
_TRISDbits                                      (abs)         00F95
_TRISE                                          (abs)         00F96
_TRISEbits                                      (abs)         00F96
_TXREG1                                         (abs)         00FAE
_TXSTA1                                         (abs)         00FAD
_TXSTA1bits                                     (abs)         00FAD
_TxData                                         bssBANK1      00100
__CFG_ADCSEL$BIT10                              (abs)         00000
__CFG_CFGPLLEN$OFF                              (abs)         00000
__CFG_CLKOEC$ON                                 (abs)         00000
__CFG_CP0$OFF                                   (abs)         00000
__CFG_DSBOREN$ON                                (abs)         00000
__CFG_DSWDTEN$ON                                (abs)         00000
__CFG_DSWDTOSC$INTOSCREF                        (abs)         00000
__CFG_DSWDTPS$G2                                (abs)         00000
__CFG_FCMEN$ON                                  (abs)         00000
__CFG_IESO$ON                                   (abs)         00000
__CFG_IOL1WAY$ON                                (abs)         00000
__CFG_MSSP7B_EN$MSK7                            (abs)         00000
__CFG_OSC$HS                                    (abs)         00000
__CFG_PLLDIV$1                                  (abs)         00000
__CFG_PLLSEL$PLL4X                              (abs)         00000
__CFG_RTCOSC$T1OSCREF                           (abs)         00000
__CFG_SOSCSEL$DIG                               (abs)         00000
__CFG_STVREN$ON                                 (abs)         00000
__CFG_WDTEN$OFF                                 (abs)         00000
__CFG_WDTPS$32768                               (abs)         00000
__CFG_WPCFG$OFF                                 (abs)         00000
__CFG_WPDIS$OFF                                 (abs)         00000
__CFG_WPEND$PAGE_WPFP                           (abs)         00000
__CFG_WPFP$PAGE_63                              (abs)         00000
__CFG_XINST$OFF                                 (abs)         00000
__HRAM                                          (abs)         00000
__Habs1                                         abs1          00000
__Hbank0                                        bank0         00000
__Hbank1                                        bank1         00000
__Hbank10                                       bank10        00000
__Hbank11                                       bank11        00000
__Hbank12                                       bank12        00000
__Hbank13                                       bank13        00000
__Hbank14                                       bank14        00000
__Hbank2                                        bank2         00000
__Hbank3                                        bank3         00000
__Hbank4                                        bank4         00000
__Hbank5                                        bank5         00000
__Hbank6                                        bank6         00000
__Hbank7                                        bank7         00000
__Hbank8                                        bank8         00000
__Hbank9                                        bank9         00000
__Hbigbss                                       bigbss        00000
__Hbigdata                                      bigdata       00000
__Hbigram                                       bigram        00000
__Hbss                                          bss           00000
__HbssBANK1                                     bssBANK1      00000
__HbssCOMRAM                                    bssCOMRAM     00000
__Hcinit                                        cinit         00000
__Hclrtext                                      clrtext       00000
__Hcomram                                       comram        00000
__Hconfig                                       config        10000
__Hconst                                        const         00000
__HcstackCOMRAM                                 cstackCOMRAM  00000
__Hdata                                         data          00000
__HdataBANK0                                    dataBANK0     00000
__HdataCOMRAM                                   dataCOMRAM    00000
__Hfarbss                                       farbss        00000
__Hfardata                                      fardata       00000
__Hibigdata                                     ibigdata      00000
__Hidata                                        idata         00000
__HidataBANK0                                   idataBANK0    00000
__HidataCOMRAM                                  idataCOMRAM   00000
__Hidloc                                        idloc         00000
__Hifardata                                     ifardata      00000
__Hinit                                         init          00004
__Hintcode                                      intcode       00000
__Hintcode_body                                 intcode_body  00000
__Hintcodelo                                    intcodelo     00000
__Hintentry                                     intentry      00000
__Hintret                                       intret        00000
__Hintsave_regs                                 intsave_regs  00000
__Hirdata                                       irdata        00000
__Hjflash_buffer                                jflash_buffer 0F800
__Hmediumconst                                  mediumconst   00000
__HnvFARRAM                                     nvFARRAM      00000
__Hnvbit                                        nvbit         00000
__Hnvrram                                       nvrram        00000
__Hparam                                        rparam        00000
__Hpowerup                                      powerup       00000
__Hram                                          ram           00000
__Hramtop                                       ramtop        00F00
__Hrbit                                         rbit          00000
__Hrbss                                         rbss          00000
__Hrdata                                        rdata         00000
__Hreset_vec                                    reset_vec     00000
__Hrparam                                       rparam        00000
__Hsfr                                          sfr           00000
__Hsmallconst                                   smallconst    00F42
__Hspace_0                                      (abs)         10000
__Hspace_1                                      (abs)         00200
__Hspace_2                                      (abs)         00000
__Hstack                                        stack         00000
__Hstruct                                       struct        00000
__Htemp                                         temp          00000
__Htext                                         text          00000
__Htext0                                        text0         00000
__Htext1                                        text1         00000
__Htext10                                       text10        00000
__Htext11                                       text11        00000
__Htext12                                       text12        00000
__Htext13                                       text13        00000
__Htext14                                       text14        00000
__Htext15                                       text15        00000
__Htext16                                       text16        00000
__Htext17                                       text17        00000
__Htext18                                       text18        00000
__Htext19                                       text19        00000
__Htext2                                        text2         00000
__Htext20                                       text20        00000
__Htext21                                       text21        00000
__Htext3                                        text3         00000
__Htext4                                        text4         00000
__Htext5                                        text5         00000
__Htext6                                        text6         00000
__Htext7                                        text7         00000
__Htext8                                        text8         00000
__Htext9                                        text9         00000
__LRAM                                          (abs)         00001
__Labs1                                         abs1          00000
__Lbank0                                        bank0         00000
__Lbank1                                        bank1         00000
__Lbank10                                       bank10        00000
__Lbank11                                       bank11        00000
__Lbank12                                       bank12        00000
__Lbank13                                       bank13        00000
__Lbank14                                       bank14        00000
__Lbank2                                        bank2         00000
__Lbank3                                        bank3         00000
__Lbank4                                        bank4         00000
__Lbank5                                        bank5         00000
__Lbank6                                        bank6         00000
__Lbank7                                        bank7         00000
__Lbank8                                        bank8         00000
__Lbank9                                        bank9         00000
__Lbigbss                                       bigbss        00000
__Lbigdata                                      bigdata       00000
__Lbigram                                       bigram        00000
__Lbss                                          bss           00000
__LbssBANK1                                     bssBANK1      00000
__LbssCOMRAM                                    bssCOMRAM     00000
__Lcinit                                        cinit         00000
__Lclrtext                                      clrtext       00000
__Lcomram                                       comram        00000
__Lconfig                                       config        0FFF8
__Lconst                                        const         00000
__LcstackCOMRAM                                 cstackCOMRAM  00000
__Ldata                                         data          00000
__LdataBANK0                                    dataBANK0     00000
__LdataCOMRAM                                   dataCOMRAM    00000
__Lfarbss                                       farbss        00000
__Lfardata                                      fardata       00000
__Libigdata                                     ibigdata      00000
__Lidata                                        idata         00000
__LidataBANK0                                   idataBANK0    00000
__LidataCOMRAM                                  idataCOMRAM   00000
__Lidloc                                        idloc         00000
__Lifardata                                     ifardata      00000
__Linit                                         init          00000
__Lintcode                                      intcode       00000
__Lintcode_body                                 intcode_body  00000
__Lintcodelo                                    intcodelo     00000
__Lintentry                                     intentry      00000
__Lintret                                       intret        00000
__Lintsave_regs                                 intsave_regs  00000
__Lirdata                                       irdata        00000
__Ljflash_buffer                                jflash_buffer 0F800
__Lmediumconst                                  mediumconst   00000
__LnvFARRAM                                     nvFARRAM      00000
__Lnvbit                                        nvbit         00000
__Lnvrram                                       nvrram        00000
__Lparam                                        rparam        00000
__Lpowerup                                      powerup       00000
__Lram                                          ram           00000
__Lramtop                                       ramtop        00F00
__Lrbit                                         rbit          00000
__Lrbss                                         rbss          00000
__Lrdata                                        rdata         00000
__Lreset_vec                                    reset_vec     00000
__Lrparam                                       rparam        00000
__Lsfr                                          sfr           00000
__Lsmallconst                                   smallconst    00F00
__Lspace_0                                      (abs)         00000
__Lspace_1                                      (abs)         00000
__Lspace_2                                      (abs)         00000
__Lstack                                        stack         00000
__Lstruct                                       struct        00000
__Ltemp                                         temp          00000
__Ltext                                         text          00000
__Ltext0                                        text0         00000
__Ltext1                                        text1         00000
__Ltext10                                       text10        00000
__Ltext11                                       text11        00000
__Ltext12                                       text12        00000
__Ltext13                                       text13        00000
__Ltext14                                       text14        00000
__Ltext15                                       text15        00000
__Ltext16                                       text16        00000
__Ltext17                                       text17        00000
__Ltext18                                       text18        00000
__Ltext19                                       text19        00000
__Ltext2                                        text2         00000
__Ltext20                                       text20        00000
__Ltext21                                       text21        00000
__Ltext3                                        text3         00000
__Ltext4                                        text4         00000
__Ltext5                                        text5         00000
__Ltext6                                        text6         00000
__Ltext7                                        text7         00000
__Ltext8                                        text8         00000
__Ltext9                                        text9         00000
__S0                                            (abs)         10000
__S1                                            (abs)         00200
__S2                                            (abs)         00000
___aldiv                                        text11        01012
___aldiv@counter                                cstackCOMRAM  0002E
___aldiv@dividend                               cstackCOMRAM  00026
___aldiv@divisor                                cstackCOMRAM  0002A
___aldiv@quotient                               cstackCOMRAM  00030
___aldiv@sign                                   cstackCOMRAM  0002F
___inthi_sp                                     stack         00000
___intlo_sp                                     stack         00000
___param_bank                                   (abs)         00000
___rparam_used                                  (abs)         00001
___sp                                           stack         00000
___wmul                                         text10        01360
___wmul@multiplicand                            cstackCOMRAM  00022
___wmul@multiplier                              cstackCOMRAM  00020
___wmul@product                                 cstackCOMRAM  00024
__accesstop                                     (abs)         00060
__activetblptr                                  (abs)         00002
__end_of_EUSART1_Initialize                     text12        012E0
__end_of_EUSART1_SetErrorHandler                text15        01458
__end_of_EUSART1_SetFramingErrorHandler         text14        0144E
__end_of_EUSART1_SetOverrunErrorHandler         text13        01444
__end_of_I2C_Init                               text9         01220
__end_of_I2C_Write                              text20        013E4
__end_of_I2C_buffClear                          text18        01422
__end_of_I2C_start                              text19        01462
__end_of_I2C_stop                               text21        0146C
__end_of_OSCILLATOR_Initialize                  text8         01336
__end_of_PIN_MANAGER_Initialize                 text7         01264
__end_of_SPI1_Initialize                        text6         01430
__end_of_SSD1306_Init                           text16        01012
__end_of_SSD1306_writeCMD                       text17        01360
__end_of_SYSTEM_Initialize                      text5         013FC
__end_of___aldiv                                text11        010DE
__end_of___wmul                                 text10        01386
__end_of__initialization                        cinit         011C2
__end_of_displaySetCursor                       text2         01162
__end_of_displayWrite                           text4         013AA
__end_of_interrupt_Init                         text1         0143A
__end_of_main                                   text0         012A2
__end_of_memset                                 text3         0130C
__end_ofexp@coeff                               smallconst    00F1F
__end_oflog@coeff                               smallconst    00F3A
__initialization                                cinit         01162
__mediumconst                                   mediumconst   00000
__pbssBANK1                                     bssBANK1      00100
__pbssCOMRAM                                    bssCOMRAM     00001
__pcinit                                        cinit         01162
__pcstackCOMRAM                                 cstackCOMRAM  00020
__pdataBANK0                                    dataBANK0     00060
__pdataCOMRAM                                   dataCOMRAM    00037
__pidataBANK0                                   idataBANK0    013AA
__pidataCOMRAM                                  idataCOMRAM   013FC
__psmallconst                                   smallconst    00F00
__ptext0                                        text0         01264
__ptext1                                        text1         01430
__ptext10                                       text10        01360
__ptext11                                       text11        01012
__ptext12                                       text12        012A2
__ptext13                                       text13        0143A
__ptext14                                       text14        01444
__ptext15                                       text15        0144E
__ptext16                                       text16        00F42
__ptext17                                       text17        01336
__ptext18                                       text18        01412
__ptext19                                       text19        01458
__ptext2                                        text2         010DE
__ptext20                                       text20        013CA
__ptext21                                       text21        01462
__ptext3                                        text3         012E0
__ptext4                                        text4         01386
__ptext5                                        text5         013E4
__ptext6                                        text6         01422
__ptext7                                        text7         01220
__ptext8                                        text8         0130C
__ptext9                                        text9         011CC
__ramtop                                        ramtop        00F00
__size_of_EUSART1_Initialize                    (abs)         00000
__size_of_EUSART1_SetErrorHandler               (abs)         00000
__size_of_EUSART1_SetFramingErrorHandler        (abs)         00000
__size_of_EUSART1_SetOverrunErrorHandler        (abs)         00000
__size_of_I2C_Init                              (abs)         00000
__size_of_I2C_Write                             (abs)         00000
__size_of_I2C_buffClear                         (abs)         00000
__size_of_I2C_start                             (abs)         00000
__size_of_I2C_stop                              (abs)         00000
__size_of_OSCILLATOR_Initialize                 (abs)         00000
__size_of_PIN_MANAGER_Initialize                (abs)         00000
__size_of_SPI1_Initialize                       (abs)         00000
__size_of_SSD1306_Init                          (abs)         00000
__size_of_SSD1306_writeCMD                      (abs)         00000
__size_of_SYSTEM_Initialize                     (abs)         00000
__size_of___aldiv                               (abs)         00000
__size_of___wmul                                (abs)         00000
__size_of_displaySetCursor                      (abs)         00000
__size_of_displayWrite                          (abs)         00000
__size_of_interrupt_Init                        (abs)         00000
__size_of_main                                  (abs)         00000
__size_of_memset                                (abs)         00000
__smallconst                                    smallconst    00F00
_bfSize                                         bssCOMRAM     0000B
_buffer                                         bssCOMRAM     00015
_columm                                         dataBANK0     00060
_displaySetCursor                               text2         010DE
_displayWrite                                   text4         01386
_errno                                          bssCOMRAM     00013
_eusart1RxLastError                             bssCOMRAM     0001F
_interrupt_Init                                 text1         01430
_main                                           text0         01264
_memset                                         text3         012E0
_page                                           dataCOMRAM    0003F
_sData                                          bssCOMRAM     00001
displaySetCursor@size                           cstackCOMRAM  00028
displayWrite@address                            cstackCOMRAM  00022
displayWrite@x                                  cstackCOMRAM  00024
displayWrite@y                                  cstackCOMRAM  00021
end_of_initialization                           cinit         011C2
intlevel0                                       text          00000
intlevel1                                       text          00000
intlevel2                                       text          00000
intlevel3                                       text          00000
memset@c                                        cstackCOMRAM  00022
memset@n                                        cstackCOMRAM  00024
memset@p                                        cstackCOMRAM  00026
memset@p1                                       cstackCOMRAM  00020
stackhi                                         (abs)         00EAF
stacklo                                         (abs)         00200
start                                           init          00000
start_initialization                            cinit         01162


FUNCTION INFORMATION:

 *************** function _main *****************
 Defined at:
		line 5 in file "main.c"
 Parameters:    Size  Location     Type
		None
 Auto vars:     Size  Location     Type
		None
 Return value:  Size  Location     Type
                  1    wreg      void 
 Registers used:
		wreg, fsr2l, fsr2h, status,2, status,0, prodl, prodh, cstack
 Tracked objects:
		On entry : 
		On exit  : 
		Unchanged: 
 Data sizes:     COMRAM   BANK0   BANK1   BANK2   BANK3   BANK4   BANK5   BANK6   BANK7   BANK8   BANK9  BANK10  BANK11  BANK12  BANK13  BANK14
      Params:         0       0       0       0       0       0       0       0       0       0       0       0       0       0       0       0
      Locals:         0       0       0       0       0       0       0       0       0       0       0       0       0       0       0       0
      Temps:          2       0       0       0       0       0       0       0       0       0       0       0       0       0       0       0
      Totals:         2       0       0       0       0       0       0       0       0       0       0       0       0       0       0       0
Total ram usage:        2 bytes
 Hardware stack levels required when called:    4
 This function calls:
		_I2C_buffClear
		_SSD1306_Init
		_SYSTEM_Initialize
		_displaySetCursor
		_interrupt_Init
 This function is called by:
		Startup code after reset
 This function uses a non-reentrant model


 *************** function _interrupt_Init *****************
 Defined at:
		line 15 in file "Interrupt.c"
 Parameters:    Size  Location     Type
		None
 Auto vars:     Size  Location     Type
		None
 Return value:  Size  Location     Type
                  1    wreg      void 
 Registers used:
		None
 Tracked objects:
		On entry : 
		On exit  : 
		Unchanged: 
 Data sizes:     COMRAM   BANK0   BANK1   BANK2   BANK3   BANK4   BANK5   BANK6   BANK7   BANK8   BANK9  BANK10  BANK11  BANK12  BANK13  BANK14
      Params:         0       0       0       0       0       0       0       0       0       0       0       0       0       0       0       0
      Locals:         0       0       0       0       0       0       0       0       0       0       0       0       0       0       0       0
      Temps:          0       0       0       0       0       0       0       0       0       0       0       0       0       0       0       0
      Totals:         0       0       0       0       0       0       0       0       0       0       0       0       0       0       0       0
Total ram usage:        0 bytes
 Hardware stack levels used:    1
 This function calls:
		Nothing
 This function is called by:
		_main
 This function uses a non-reentrant model


 *************** function _displaySetCursor *****************
 Defined at:
		line 74 in file "SSD1306_OLED.c"
 Parameters:    Size  Location     Type
		None
 Auto vars:     Size  Location     Type
  size            2    8[COMRAM] unsigned int 
 Return value:  Size  Location     Type
                  1    wreg      void 
 Registers used:
		wreg, fsr2l, fsr2h, status,2, status,0, cstack
 Tracked objects:
		On entry : 
		On exit  : 
		Unchanged: 
 Data sizes:     COMRAM   BANK0   BANK1   BANK2   BANK3   BANK4   BANK5   BANK6   BANK7   BANK8   BANK9  BANK10  BANK11  BANK12  BANK13  BANK14
      Params:         0       0       0       0       0       0       0       0       0       0       0       0       0       0       0       0
      Locals:         2       0       0       0       0       0       0       0       0       0       0       0       0       0       0       0
      Temps:          0       0       0       0       0       0       0       0       0       0       0       0       0       0       0       0
      Totals:         2       0       0       0       0       0       0       0       0       0       0       0       0       0       0       0
Total ram usage:        2 bytes
 Hardware stack levels used:    1
 Hardware stack levels required when called:    3
 This function calls:
		_I2C_Write
		_I2C_start
		_I2C_stop
		_displayWrite
		_memset
 This function is called by:
		_main
 This function uses a non-reentrant model


 *************** function _memset *****************
 Defined at:
		line 8 in file "C:\Program Files (x86)\Microchip\xc8\v1.45\sources\common\memset.c"
 Parameters:    Size  Location     Type
  p1              2    0[COMRAM] PTR void 
		 -> NULL(0), 
  c               2    2[COMRAM] int 
  n               2    4[COMRAM] unsigned int 
 Auto vars:     Size  Location     Type
  p               2    6[COMRAM] PTR unsigned char 
		 -> NULL(0), 
 Return value:  Size  Location     Type
                  2    0[COMRAM] PTR void 
 Registers used:
		wreg, fsr2l, fsr2h, status,2, status,0
 Tracked objects:
		On entry : 
		On exit  : 
		Unchanged: 
 Data sizes:     COMRAM   BANK0   BANK1   BANK2   BANK3   BANK4   BANK5   BANK6   BANK7   BANK8   BANK9  BANK10  BANK11  BANK12  BANK13  BANK14
      Params:         6       0       0       0       0       0       0       0       0       0       0       0       0       0       0       0
      Locals:         2       0       0       0       0       0       0       0       0       0       0       0       0       0       0       0
      Temps:          0       0       0       0       0       0       0       0       0       0       0       0       0       0       0       0
      Totals:         8       0       0       0       0       0       0       0       0       0       0       0       0       0       0       0
Total ram usage:        8 bytes
 Hardware stack levels used:    1
 This function calls:
		Nothing
 This function is called by:
		_displaySetCursor
 This function uses a non-reentrant model


 *************** function _displayWrite *****************
 Defined at:
		line 88 in file "SSD1306_OLED.c"
 Parameters:    Size  Location     Type
  x               1    wreg     unsigned char 
  y               1    1[COMRAM] unsigned char 
  address         2    2[COMRAM] int 
 Auto vars:     Size  Location     Type
  x               1    4[COMRAM] unsigned char 
 Return value:  Size  Location     Type
                  1    wreg      void 
 Registers used:
		wreg, status,2, cstack
 Tracked objects:
		On entry : 
		On exit  : 
		Unchanged: 
 Data sizes:     COMRAM   BANK0   BANK1   BANK2   BANK3   BANK4   BANK5   BANK6   BANK7   BANK8   BANK9  BANK10  BANK11  BANK12  BANK13  BANK14
      Params:         3       0       0       0       0       0       0       0       0       0       0       0       0       0       0       0
      Locals:         1       0       0       0       0       0       0       0       0       0       0       0       0       0       0       0
      Temps:          0       0       0       0       0       0       0       0       0       0       0       0       0       0       0       0
      Totals:         4       0       0       0       0       0       0       0       0       0       0       0       0       0       0       0
Total ram usage:        4 bytes
 Hardware stack levels used:    1
 Hardware stack levels required when called:    2
 This function calls:
		_I2C_Write
		_I2C_start
		_I2C_stop
 This function is called by:
		_displaySetCursor
 This function uses a non-reentrant model


 *************** function _SYSTEM_Initialize *****************
 Defined at:
		line 50 in file "mcc_generated_files/mcc.c"
 Parameters:    Size  Location     Type
		None
 Auto vars:     Size  Location     Type
		None
 Return value:  Size  Location     Type
                  1    wreg      void 
 Registers used:
		wreg, status,2, status,0, prodl, prodh, cstack
 Tracked objects:
		On entry : 
		On exit  : 
		Unchanged: 
 Data sizes:     COMRAM   BANK0   BANK1   BANK2   BANK3   BANK4   BANK5   BANK6   BANK7   BANK8   BANK9  BANK10  BANK11  BANK12  BANK13  BANK14
      Params:         0       0       0       0       0       0       0       0       0       0       0       0       0       0       0       0
      Locals:         0       0       0       0       0       0       0       0       0       0       0       0       0       0       0       0
      Temps:          0       0       0       0       0       0       0       0       0       0       0       0       0       0       0       0
      Totals:         0       0       0       0       0       0       0       0       0       0       0       0       0       0       0       0
Total ram usage:        0 bytes
 Hardware stack levels used:    1
 Hardware stack levels required when called:    2
 This function calls:
		_EUSART1_Initialize
		_I2C_Init
		_OSCILLATOR_Initialize
		_PIN_MANAGER_Initialize
		_SPI1_Initialize
 This function is called by:
		_main
 This function uses a non-reentrant model


 *************** function _SPI1_Initialize *****************
 Defined at:
		line 65 in file "mcc_generated_files/spi1.c"
 Parameters:    Size  Location     Type
		None
 Auto vars:     Size  Location     Type
		None
 Return value:  Size  Location     Type
                  1    wreg      void 
 Registers used:
		wreg, status,2
 Tracked objects:
		On entry : 
		On exit  : 
		Unchanged: 
 Data sizes:     COMRAM   BANK0   BANK1   BANK2   BANK3   BANK4   BANK5   BANK6   BANK7   BANK8   BANK9  BANK10  BANK11  BANK12  BANK13  BANK14
      Params:         0       0       0       0       0       0       0       0       0       0       0       0       0       0       0       0
      Locals:         0       0       0       0       0       0       0       0       0       0       0       0       0       0       0       0
      Temps:          0       0       0       0       0       0       0       0       0       0       0       0       0       0       0       0
      Totals:         0       0       0       0       0       0       0       0       0       0       0       0       0       0       0       0
Total ram usage:        0 bytes
 Hardware stack levels used:    1
 This function calls:
		Nothing
 This function is called by:
		_SYSTEM_Initialize
 This function uses a non-reentrant model


 *************** function _PIN_MANAGER_Initialize *****************
 Defined at:
		line 52 in file "mcc_generated_files/pin_manager.c"
 Parameters:    Size  Location     Type
		None
 Auto vars:     Size  Location     Type
		None
 Return value:  Size  Location     Type
                  1    wreg      void 
 Registers used:
		wreg, status,2
 Tracked objects:
		On entry : 
		On exit  : 
		Unchanged: 
 Data sizes:     COMRAM   BANK0   BANK1   BANK2   BANK3   BANK4   BANK5   BANK6   BANK7   BANK8   BANK9  BANK10  BANK11  BANK12  BANK13  BANK14
      Params:         0       0       0       0       0       0       0       0       0       0       0       0       0       0       0       0
      Locals:         0       0       0       0       0       0       0       0       0       0       0       0       0       0       0       0
      Temps:          0       0       0       0       0       0       0       0       0       0       0       0       0       0       0       0
      Totals:         0       0       0       0       0       0       0       0       0       0       0       0       0       0       0       0
Total ram usage:        0 bytes
 Hardware stack levels used:    1
 This function calls:
		Nothing
 This function is called by:
		_SYSTEM_Initialize
 This function uses a non-reentrant model


 *************** function _OSCILLATOR_Initialize *****************
 Defined at:
		line 59 in file "mcc_generated_files/mcc.c"
 Parameters:    Size  Location     Type
		None
 Auto vars:     Size  Location     Type
		None
 Return value:  Size  Location     Type
                  1    wreg      void 
 Registers used:
		wreg, status,2
 Tracked objects:
		On entry : 
		On exit  : 
		Unchanged: 
 Data sizes:     COMRAM   BANK0   BANK1   BANK2   BANK3   BANK4   BANK5   BANK6   BANK7   BANK8   BANK9  BANK10  BANK11  BANK12  BANK13  BANK14
      Params:         0       0       0       0       0       0       0       0       0       0       0       0       0       0       0       0
      Locals:         0       0       0       0       0       0       0       0       0       0       0       0       0       0       0       0
      Temps:          2       0       0       0       0       0       0       0       0       0       0       0       0       0       0       0
      Totals:         2       0       0       0       0       0       0       0       0       0       0       0       0       0       0       0
Total ram usage:        2 bytes
 Hardware stack levels used:    1
 This function calls:
		Nothing
 This function is called by:
		_SYSTEM_Initialize
 This function uses a non-reentrant model


 *************** function _I2C_Init *****************
 Defined at:
		line 20 in file "I2C.c"
 Parameters:    Size  Location     Type
  F_clock         1    wreg     unsigned char 
 Auto vars:     Size  Location     Type
  F_clock         1   20[COMRAM] unsigned char 
 Return value:  Size  Location     Type
                  1    wreg      void 
 Registers used:
		wreg, status,2, status,0, prodl, prodh, cstack
 Tracked objects:
		On entry : 
		On exit  : 
		Unchanged: 
 Data sizes:     COMRAM   BANK0   BANK1   BANK2   BANK3   BANK4   BANK5   BANK6   BANK7   BANK8   BANK9  BANK10  BANK11  BANK12  BANK13  BANK14
      Params:         0       0       0       0       0       0       0       0       0       0       0       0       0       0       0       0
      Locals:         1       0       0       0       0       0       0       0       0       0       0       0       0       0       0       0
      Temps:          0       0       0       0       0       0       0       0       0       0       0       0       0       0       0       0
      Totals:         1       0       0       0       0       0       0       0       0       0       0       0       0       0       0       0
Total ram usage:        1 bytes
 Hardware stack levels used:    1
 Hardware stack levels required when called:    1
 This function calls:
		___aldiv
		___wmul
 This function is called by:
		_SYSTEM_Initialize
 This function uses a non-reentrant model


 *************** function ___wmul *****************
 Defined at:
		line 15 in file "C:\Program Files (x86)\Microchip\xc8\v1.45\sources\common\Umul16.c"
 Parameters:    Size  Location     Type
  multiplier      2    0[COMRAM] unsigned int 
  multiplicand    2    2[COMRAM] unsigned int 
 Auto vars:     Size  Location     Type
  product         2    4[COMRAM] unsigned int 
 Return value:  Size  Location     Type
                  2    0[COMRAM] unsigned int 
 Registers used:
		wreg, status,2, status,0, prodl, prodh
 Tracked objects:
		On entry : 
		On exit  : 
		Unchanged: 
 Data sizes:     COMRAM   BANK0   BANK1   BANK2   BANK3   BANK4   BANK5   BANK6   BANK7   BANK8   BANK9  BANK10  BANK11  BANK12  BANK13  BANK14
      Params:         4       0       0       0       0       0       0       0       0       0       0       0       0       0       0       0
      Locals:         2       0       0       0       0       0       0       0       0       0       0       0       0       0       0       0
      Temps:          0       0       0       0       0       0       0       0       0       0       0       0       0       0       0       0
      Totals:         6       0       0       0       0       0       0       0       0       0       0       0       0       0       0       0
Total ram usage:        6 bytes
 Hardware stack levels used:    1
 This function calls:
		Nothing
 This function is called by:
		_I2C_Init
 This function uses a non-reentrant model


 *************** function ___aldiv *****************
 Defined at:
		line 8 in file "C:\Program Files (x86)\Microchip\xc8\v1.45\sources\common\aldiv.c"
 Parameters:    Size  Location     Type
  dividend        4    6[COMRAM] long 
  divisor         4   10[COMRAM] long 
 Auto vars:     Size  Location     Type
  quotient        4   16[COMRAM] long 
  sign            1   15[COMRAM] unsigned char 
  counter         1   14[COMRAM] unsigned char 
 Return value:  Size  Location     Type
                  4    6[COMRAM] long 
 Registers used:
		wreg, status,2, status,0
 Tracked objects:
		On entry : 
		On exit  : 
		Unchanged: 
 Data sizes:     COMRAM   BANK0   BANK1   BANK2   BANK3   BANK4   BANK5   BANK6   BANK7   BANK8   BANK9  BANK10  BANK11  BANK12  BANK13  BANK14
      Params:         8       0       0       0       0       0       0       0       0       0       0       0       0       0       0       0
      Locals:         6       0       0       0       0       0       0       0       0       0       0       0       0       0       0       0
      Temps:          0       0       0       0       0       0       0       0       0       0       0       0       0       0       0       0
      Totals:        14       0       0       0       0       0       0       0       0       0       0       0       0       0       0       0
Total ram usage:       14 bytes
 Hardware stack levels used:    1
 This function calls:
		Nothing
 This function is called by:
		_I2C_Init
 This function uses a non-reentrant model


 *************** function _EUSART1_Initialize *****************
 Defined at:
		line 68 in file "mcc_generated_files/eusart1.c"
 Parameters:    Size  Location     Type
		None
 Auto vars:     Size  Location     Type
		None
 Return value:  Size  Location     Type
                  1    wreg      void 
 Registers used:
		wreg, status,2, status,0, cstack
 Tracked objects:
		On entry : 
		On exit  : 
		Unchanged: 
 Data sizes:     COMRAM   BANK0   BANK1   BANK2   BANK3   BANK4   BANK5   BANK6   BANK7   BANK8   BANK9  BANK10  BANK11  BANK12  BANK13  BANK14
      Params:         0       0       0       0       0       0       0       0       0       0       0       0       0       0       0       0
      Locals:         0       0       0       0       0       0       0       0       0       0       0       0       0       0       0       0
      Temps:          0       0       0       0       0       0       0       0       0       0       0       0       0       0       0       0
      Totals:         0       0       0       0       0       0       0       0       0       0       0       0       0       0       0       0
Total ram usage:        0 bytes
 Hardware stack levels used:    1
 Hardware stack levels required when called:    1
 This function calls:
		_EUSART1_SetErrorHandler
		_EUSART1_SetFramingErrorHandler
		_EUSART1_SetOverrunErrorHandler
 This function is called by:
		_SYSTEM_Initialize
 This function uses a non-reentrant model


 *************** function _EUSART1_SetOverrunErrorHandler *****************
 Defined at:
		line 170 in file "mcc_generated_files/eusart1.c"
 Parameters:    Size  Location     Type
  interruptHan    2    0[COMRAM] PTR FTN()void 
		 -> EUSART1_DefaultOverrunErrorHandler(1), 
 Auto vars:     Size  Location     Type
		None
 Return value:  Size  Location     Type
                  1    wreg      void 
 Registers used:
		wreg, status,2, status,0
 Tracked objects:
		On entry : 
		On exit  : 
		Unchanged: 
 Data sizes:     COMRAM   BANK0   BANK1   BANK2   BANK3   BANK4   BANK5   BANK6   BANK7   BANK8   BANK9  BANK10  BANK11  BANK12  BANK13  BANK14
      Params:         2       0       0       0       0       0       0       0       0       0       0       0       0       0       0       0
      Locals:         0       0       0       0       0       0       0       0       0       0       0       0       0       0       0       0
      Temps:          0       0       0       0       0       0       0       0       0       0       0       0       0       0       0       0
      Totals:         2       0       0       0       0       0       0       0       0       0       0       0       0       0       0       0
Total ram usage:        2 bytes
 Hardware stack levels used:    1
 This function calls:
		Nothing
 This function is called by:
		_EUSART1_Initialize
 This function uses a non-reentrant model


 *************** function _EUSART1_SetFramingErrorHandler *****************
 Defined at:
		line 166 in file "mcc_generated_files/eusart1.c"
 Parameters:    Size  Location     Type
  interruptHan    2    0[COMRAM] PTR FTN()void 
		 -> EUSART1_DefaultFramingErrorHandler(1), 
 Auto vars:     Size  Location     Type
		None
 Return value:  Size  Location     Type
                  1    wreg      void 
 Registers used:
		wreg, status,2, status,0
 Tracked objects:
		On entry : 
		On exit  : 
		Unchanged: 
 Data sizes:     COMRAM   BANK0   BANK1   BANK2   BANK3   BANK4   BANK5   BANK6   BANK7   BANK8   BANK9  BANK10  BANK11  BANK12  BANK13  BANK14
      Params:         2       0       0       0       0       0       0       0       0       0       0       0       0       0       0       0
      Locals:         0       0       0       0       0       0       0       0       0       0       0       0       0       0       0       0
      Temps:          0       0       0       0       0       0       0       0       0       0       0       0       0       0       0       0
      Totals:         2       0       0       0       0       0       0       0       0       0       0       0       0       0       0       0
Total ram usage:        2 bytes
 Hardware stack levels used:    1
 This function calls:
		Nothing
 This function is called by:
		_EUSART1_Initialize
 This function uses a non-reentrant model


 *************** function _EUSART1_SetErrorHandler *****************
 Defined at:
		line 174 in file "mcc_generated_files/eusart1.c"
 Parameters:    Size  Location     Type
  interruptHan    2    0[COMRAM] PTR FTN()void 
		 -> EUSART1_DefaultErrorHandler(1), 
 Auto vars:     Size  Location     Type
		None
 Return value:  Size  Location     Type
                  1    wreg      void 
 Registers used:
		wreg, status,2, status,0
 Tracked objects:
		On entry : 
		On exit  : 
		Unchanged: 
 Data sizes:     COMRAM   BANK0   BANK1   BANK2   BANK3   BANK4   BANK5   BANK6   BANK7   BANK8   BANK9  BANK10  BANK11  BANK12  BANK13  BANK14
      Params:         2       0       0       0       0       0       0       0       0       0       0       0       0       0       0       0
      Locals:         0       0       0       0       0       0       0       0       0       0       0       0       0       0       0       0
      Temps:          0       0       0       0       0       0       0       0       0       0       0       0       0       0       0       0
      Totals:         2       0       0       0       0       0       0       0       0       0       0       0       0       0       0       0
Total ram usage:        2 bytes
 Hardware stack levels used:    1
 This function calls:
		Nothing
 This function is called by:
		_EUSART1_Initialize
 This function uses a non-reentrant model


 *************** function _SSD1306_Init *****************
 Defined at:
		line 11 in file "SSD1306_OLED.c"
 Parameters:    Size  Location     Type
		None
 Auto vars:     Size  Location     Type
		None
 Return value:  Size  Location     Type
                  1    wreg      void 
 Registers used:
		wreg, status,2, status,0, cstack
 Tracked objects:
		On entry : 
		On exit  : 
		Unchanged: 
 Data sizes:     COMRAM   BANK0   BANK1   BANK2   BANK3   BANK4   BANK5   BANK6   BANK7   BANK8   BANK9  BANK10  BANK11  BANK12  BANK13  BANK14
      Params:         0       0       0       0       0       0       0       0       0       0       0       0       0       0       0       0
      Locals:         0       0       0       0       0       0       0       0       0       0       0       0       0       0       0       0
      Temps:          1       0       0       0       0       0       0       0       0       0       0       0       0       0       0       0
      Totals:         1       0       0       0       0       0       0       0       0       0       0       0       0       0       0       0
Total ram usage:        1 bytes
 Hardware stack levels used:    1
 Hardware stack levels required when called:    3
 This function calls:
		_SSD1306_writeCMD
 This function is called by:
		_main
 This function uses a non-reentrant model


 *************** function _SSD1306_writeCMD *****************
 Defined at:
		line 62 in file "SSD1306_OLED.c"
 Parameters:    Size  Location     Type
  controlReg      1    wreg     unsigned char 
  dataByte        1    1[COMRAM] unsigned char 
 Auto vars:     Size  Location     Type
  controlReg      1    2[COMRAM] unsigned char 
 Return value:  Size  Location     Type
                  1    wreg      void 
 Registers used:
		wreg, status,2, status,0, cstack
 Tracked objects:
		On entry : 
		On exit  : 
		Unchanged: 
 Data sizes:     COMRAM   BANK0   BANK1   BANK2   BANK3   BANK4   BANK5   BANK6   BANK7   BANK8   BANK9  BANK10  BANK11  BANK12  BANK13  BANK14
      Params:         1       0       0       0       0       0       0       0       0       0       0       0       0       0       0       0
      Locals:         1       0       0       0       0       0       0       0       0       0       0       0       0       0       0       0
      Temps:          0       0       0       0       0       0       0       0       0       0       0       0       0       0       0       0
      Totals:         2       0       0       0       0       0       0       0       0       0       0       0       0       0       0       0
Total ram usage:        2 bytes
 Hardware stack levels used:    1
 Hardware stack levels required when called:    2
 This function calls:
		_I2C_Write
		_I2C_start
		_I2C_stop
 This function is called by:
		_SSD1306_Init
 This function uses a non-reentrant model


 *************** function _I2C_buffClear *****************
 Defined at:
		line 81 in file "I2C.c"
 Parameters:    Size  Location     Type
		None
 Auto vars:     Size  Location     Type
		None
 Return value:  Size  Location     Type
                  1    wreg      void 
 Registers used:
		wreg, cstack
 Tracked objects:
		On entry : 
		On exit  : 
		Unchanged: 
 Data sizes:     COMRAM   BANK0   BANK1   BANK2   BANK3   BANK4   BANK5   BANK6   BANK7   BANK8   BANK9  BANK10  BANK11  BANK12  BANK13  BANK14
      Params:         0       0       0       0       0       0       0       0       0       0       0       0       0       0       0       0
      Locals:         0       0       0       0       0       0       0       0       0       0       0       0       0       0       0       0
      Temps:          0       0       0       0       0       0       0       0       0       0       0       0       0       0       0       0
      Totals:         0       0       0       0       0       0       0       0       0       0       0       0       0       0       0       0
Total ram usage:        0 bytes
 Hardware stack levels used:    1
 Hardware stack levels required when called:    2
 This function calls:
		_I2C_Write
		_I2C_start
		_I2C_stop
 This function is called by:
		_main
 This function uses a non-reentrant model


 *************** function _I2C_start *****************
 Defined at:
		line 51 in file "I2C.c"
 Parameters:    Size  Location     Type
		None
 Auto vars:     Size  Location     Type
		None
 Return value:  Size  Location     Type
                  1    wreg      void 
 Registers used:
		None
 Tracked objects:
		On entry : 
		On exit  : 
		Unchanged: 
 Data sizes:     COMRAM   BANK0   BANK1   BANK2   BANK3   BANK4   BANK5   BANK6   BANK7   BANK8   BANK9  BANK10  BANK11  BANK12  BANK13  BANK14
      Params:         0       0       0       0       0       0       0       0       0       0       0       0       0       0       0       0
      Locals:         0       0       0       0       0       0       0       0       0       0       0       0       0       0       0       0
      Temps:          0       0       0       0       0       0       0       0       0       0       0       0       0       0       0       0
      Totals:         0       0       0       0       0       0       0       0       0       0       0       0       0       0       0       0
Total ram usage:        0 bytes
 Hardware stack levels used:    1
 This function calls:
		Nothing
 This function is called by:
		_I2C_buffClear
		_SSD1306_writeCMD
		_displaySetCursor
		_displayWrite
		_I2C_BusSCan
		_MCP23008_Init
		_MCP23008_Write
		_MCP23008_read
		_MCP9801_Init
		_MCP9801_TempRead
		_EEPROM_24AA512_Write
		_EEPROM_24AA512_Read
		_EEPROM_24AA512_pageWrite
		_EEPROM_24AA512_pageRead
		_PCF8523_rtcRead
		_PCF8523_write
		_MCP794x_setTime
		_MCP794x_setDate
		_MCP794x_writeRtcc
		_MCP794x_writeEEPROM
		_MCP794x_readEEPROM
		_MCP794x_getID
		_MCP7941x_read
 This function uses a non-reentrant model


 *************** function _I2C_Write *****************
 Defined at:
		line 31 in file "I2C.c"
 Parameters:    Size  Location     Type
  data            1    wreg     unsigned char 
 Auto vars:     Size  Location     Type
  data            1    0[COMRAM] unsigned char 
 Return value:  Size  Location     Type
                  1    wreg      void 
 Registers used:
		wreg, cstack
 Tracked objects:
		On entry : 
		On exit  : 
		Unchanged: 
 Data sizes:     COMRAM   BANK0   BANK1   BANK2   BANK3   BANK4   BANK5   BANK6   BANK7   BANK8   BANK9  BANK10  BANK11  BANK12  BANK13  BANK14
      Params:         0       0       0       0       0       0       0       0       0       0       0       0       0       0       0       0
      Locals:         1       0       0       0       0       0       0       0       0       0       0       0       0       0       0       0
      Temps:          0       0       0       0       0       0       0       0       0       0       0       0       0       0       0       0
      Totals:         1       0       0       0       0       0       0       0       0       0       0       0       0       0       0       0
Total ram usage:        1 bytes
 Hardware stack levels used:    1
 Hardware stack levels required when called:    1
 This function calls:
		_I2C_stop
 This function is called by:
		_I2C_buffClear
		_SSD1306_writeCMD
		_displaySetCursor
		_displayWrite
		_I2C_BusSCan
		_MCP23008_Init
		_MCP23008_Write
		_MCP23008_read
		_MCP9801_Init
		_MCP9801_TempRead
		_EEPROM_24AA512_Write
		_EEPROM_24AA512_Read
		_EEPROM_24AA512_pageWrite
		_EEPROM_24AA512_pageRead
		_PCF8523_rtcRead
		_PCF8523_write
		_MCP794x_setTime
		_MCP794x_setDate
		_MCP794x_writeRtcc
		_MCP794x_writeEEPROM
		_MCP794x_readEEPROM
		_MCP794x_getID
		_MCP7941x_read
 This function uses a non-reentrant model


 *************** function _I2C_stop *****************
 Defined at:
		line 63 in file "I2C.c"
 Parameters:    Size  Location     Type
		None
 Auto vars:     Size  Location     Type
		None
 Return value:  Size  Location     Type
                  1    wreg      void 
 Registers used:
		None
 Tracked objects:
		On entry : 
		On exit  : 
		Unchanged: 
 Data sizes:     COMRAM   BANK0   BANK1   BANK2   BANK3   BANK4   BANK5   BANK6   BANK7   BANK8   BANK9  BANK10  BANK11  BANK12  BANK13  BANK14
      Params:         0       0       0       0       0       0       0       0       0       0       0       0       0       0       0       0
      Locals:         0       0       0       0       0       0       0       0       0       0       0       0       0       0       0       0
      Temps:          0       0       0       0       0       0       0       0       0       0       0       0       0       0       0       0
      Totals:         0       0       0       0       0       0       0       0       0       0       0       0       0       0       0       0
Total ram usage:        0 bytes
 Hardware stack levels used:    1
 This function calls:
		Nothing
 This function is called by:
		_I2C_Write
		_I2C_buffClear
		_SSD1306_writeCMD
		_displaySetCursor
		_displayWrite
		_I2C_BusSCan
		_MCP23008_Init
		_MCP23008_Write
		_MCP23008_read
		_MCP9801_Init
		_MCP9801_TempRead
		_EEPROM_24AA512_Write
		_EEPROM_24AA512_Read
		_EEPROM_24AA512_pageWrite
		_EEPROM_24AA512_pageRead
		_PCF8523_rtcRead
		_PCF8523_write
		_MCP794x_setTime
		_MCP794x_setDate
		_MCP794x_writeRtcc
		_MCP794x_writeEEPROM
		_MCP794x_readEEPROM
		_MCP794x_getID
 This function uses a non-reentrant model



MODULE INFORMATION

Module		Function		Class		Link	Load	Size
SSD1306_OLED.c
		_SSD1306_writeCMD		CODE           	1336	0000	43
		_displayWrite  		CODE           	1386	0000	37
		_displaySetCursor		CODE           	10DE	0000	133
		_SSD1306_Init  		CODE           	0F42	0000	209

SSD1306_OLED.c estimated size: 422

C:\Program Files (x86)\Microchip\xc8\v1.45\sources\common\Umul16.c
		___wmul        		CODE           	1360	0000	39

C:\Program Files (x86)\Microchip\xc8\v1.45\sources\common\Umul16.c estimated size: 39

I2C.c
		_I2C_stop      		CODE           	1462	0000	11
		_I2C_buffClear 		CODE           	1412	0000	17
		_I2C_Write     		CODE           	13CA	0000	27
		_I2C_start     		CODE           	1458	0000	11
		_I2C_Init      		CODE           	11CC	0000	85

I2C.c estimated size: 151

mcc_generated_files/pin_manager.c
		_PIN_MANAGER_Initialize		CODE           	1220	0000	69

mcc_generated_files/pin_manager.c estimated size: 69

mcc_generated_files/spi1.c
		_SPI1_Initialize		CODE           	1422	0000	15

mcc_generated_files/spi1.c estimated size: 15

shared
		exp@coeff      		SMALLCONST     	0000	0000	0
		__initialization		CODE           	1162	0000	97
		log@coeff      		SMALLCONST     	0000	0000	0

shared estimated size: 97

Interrupt.c
		_interrupt_Init		CODE           	1430	0000	11

Interrupt.c estimated size: 11

mcc_generated_files/eusart1.c
		_EUSART1_Initialize		CODE           	12A2	0000	63
		_EUSART1_SetFramingErrorHandler		CODE           	1444	0000	11
		_EUSART1_SetOverrunErrorHandler		CODE           	143A	0000	11
		_EUSART1_SetErrorHandler		CODE           	144E	0000	11

mcc_generated_files/eusart1.c estimated size: 96

mcc_generated_files/mcc.c
		_OSCILLATOR_Initialize		CODE           	130C	0000	43
		_SYSTEM_Initialize		CODE           	13E4	0000	25

mcc_generated_files/mcc.c estimated size: 68

C:\Program Files (x86)\Microchip\xc8\v1.45\sources\common\aldiv.c
		___aldiv       		CODE           	1012	0000	205

C:\Program Files (x86)\Microchip\xc8\v1.45\sources\common\aldiv.c estimated size: 205

main.c
		_main          		CODE           	1264	0000	63

main.c estimated size: 63

C:\Program Files (x86)\Microchip\xc8\v1.45\sources\common\memset.c
		_memset        		CODE           	12E0	0000	45

C:\Program Files (x86)\Microchip\xc8\v1.45\sources\common\memset.c estimated size: 45

