Microchip MPLAB XC8 Compiler V1.45 ()

Linker command line:

-W-3 --edf=C:\Program Files (x86)\Microchip\xc8\v1.45\dat\en_msgs.txt -cs \
  -h+dist/default/production\Peripheral_Exercices_2.X.production.sym \
  --cmf=dist/default/production\Peripheral_Exercices_2.X.production.cmf -z \
  -Q18LF46J13 -oC:\Users\CEDRIC\AppData\Local\Temp\senk.2 \
  -Mdist/default/production/Peripheral_Exercices_2.X.production.map -E1 \
  -ver=XC8 -ASTACK=0200h-0eafh -pstack=STACK -ACODE=00h-0FFF7h \
  -ACONST=00h-0FFF7h -ASMALLCONST=0F00h-0FFFhx240,0FF00h-0FFF7h \
  -AMEDIUMCONST=0F00h-0FFF7h -ACOMRAM=01h-05Fh -AABS1=00h-0EAFh \
  -ABIGRAM=01h-0EAFh -ARAM=060h-0FFh,0100h-01FFhx13,0E00h-0EAFh \
  -ABANK0=060h-0FFh -ABANK1=0100h-01FFh -ABANK2=0200h-02FFh \
  -ABANK3=0300h-03FFh -ABANK4=0400h-04FFh -ABANK5=0500h-05FFh \
  -ABANK6=0600h-06FFh -ABANK7=0700h-07FFh -ABANK8=0800h-08FFh \
  -ABANK9=0900h-09FFh -ABANK10=0A00h-0AFFh -ABANK11=0B00h-0BFFh \
  -ABANK12=0C00h-0CFFh -ABANK13=0D00h-0DFFh -ABANK14=0E00h-0EAFh \
  -ASFR=0EB0h-0EFFh,0F00h-0F5Fh,0F60h-0FFFh \
  -preset_vec=00h,intcode,intcodelo,powerup,init -pramtop=0F00h \
  -psmallconst=SMALLCONST -pmediumconst=MEDIUMCONST -pconst=CONST \
  -AFARRAM=00h-00h -ACONFIG=0FFF8h-0FFFFh -pconfig=CONFIG \
  -pjflash_buffer=0F800h \
  -prdata=COMRAM,nvrram=COMRAM,nvbit=COMRAM,rbss=COMRAM,rbit=COMRAM \
  -pfarbss=FARRAM,fardata=FARRAM,nvFARRAM=FARRAM \
  -pintsave_regs=BIGRAM,bigbss=BIGRAM,bigdata=BIGRAM -pbss=RAM \
  -pidata=CODE,irdata=CODE,ibigdata=CODE,ifardata=CODE -prparam=COMRAM \
  C:\Users\CEDRIC\AppData\Local\Temp\senk.obj \
  dist/default/production\Peripheral_Exercices_2.X.production.obj 

Object code version is 3.11

Machine type is 18LF46J13

Call graph: (short form)




                Name                               Link     Load   Length Selector   Space Scale
C:\Users\CEDRIC\AppData\Local\Temp\senk.obj
                init                                  0        0        4        0       0
                config                             FFF8     FFF8        8     FFF8       0
dist/default/production\Peripheral_Exercices_2.X.production.obj
                smallconst                          F00      F00       3E      780       0
                text34                             132C     132C       86      79F       0
                text33                             14FA     14FA       52      79F       0
                text32                             161C     161C       42      79F       0
                text31                             11F4     11F4       A4      79F       0
                text30                             15DA     15DA       42      79F       0
                text29                             169C     169C       3E      79F       0
                text28                             18F2     18F2        A      C60       0
                text27                             184C     184C       1A      79F       0
                text26                             18E8     18E8        A      C60       0
                text25                             1894     1894       10      79F       0
                text24                             1812     1812       1E      79F       0
                text23                             17F2     17F2       20      79F       0
                text22                             18DE     18DE        A      C60       0
                text21                             18D4     18D4        A      C60       0
                text20                             18CA     18CA        A      C60       0
                text19                             165E     165E       3E      79F       0
                text18                             1128     1128       CC      79F       0
                text17                             17CC     17CC       26      79F       0
                text16                             14A6     14A6       54      79F       0
                text15                             177A     177A       2A      79F       0
                text14                             1596     1596       44      79F       0
                text13                             18A4     18A4        E      79F       0
                text12                             1866     1866       18      79F       0
                text11                             174E     174E       2C      79F       0
                text10                             18C0     18C0        A      C60       0
                text9                              17A4     17A4       28      79F       0
                text8                              187E     187E       16      79F       0
                text7                              16DA     16DA       3C      79F       0
                text6                              1830     1830       1C      79F       0
                text5                              13B2     13B2       84      79F       0
                text4                              1436     1436       70      79F       0
                text3                              1716     1716       38      79F       0
                text2                              1044     1044       E4      79F       0
                text1                               F3E      F3E      106      79F       0
                text0                              1298     1298       94      79F       0
                cstackCOMRAM                          1        1       29        1       1
                bssBANK1                            100      100      100      100       1
                dataCOMRAM                           3F       3F        D        1       1
                bssCOMRAM                            2A       2A       15        1       1
                cinit                              154C     154C       4A      79F       0
                idataCOMRAM                        18B2     18B2        D      79F       0

TOTAL           Name                               Link     Load   Length     Space
        CLASS   STACK          

        CLASS   CODE           
                init                                  0        0        4         0
                text34                             132C     132C       86         0
                text33                             14FA     14FA       52         0
                text32                             161C     161C       42         0
                text31                             11F4     11F4       A4         0
                text30                             15DA     15DA       42         0
                text29                             169C     169C       3E         0
                text28                             18F2     18F2        A         0
                text27                             184C     184C       1A         0
                text26                             18E8     18E8        A         0
                text25                             1894     1894       10         0
                text24                             1812     1812       1E         0
                text23                             17F2     17F2       20         0
                text22                             18DE     18DE        A         0
                text21                             18D4     18D4        A         0
                text20                             18CA     18CA        A         0
                text19                             165E     165E       3E         0
                text18                             1128     1128       CC         0
                text17                             17CC     17CC       26         0
                text16                             14A6     14A6       54         0
                text15                             177A     177A       2A         0
                text14                             1596     1596       44         0
                text13                             18A4     18A4        E         0
                text12                             1866     1866       18         0
                text11                             174E     174E       2C         0
                text10                             18C0     18C0        A         0
                text9                              17A4     17A4       28         0
                text8                              187E     187E       16         0
                text7                              16DA     16DA       3C         0
                text6                              1830     1830       1C         0
                text5                              13B2     13B2       84         0
                text4                              1436     1436       70         0
                text3                              1716     1716       38         0
                text2                              1044     1044       E4         0
                text1                               F3E      F3E      106         0
                text0                              1298     1298       94         0
                cinit                              154C     154C       4A         0
                idataCOMRAM                        18B2     18B2        D         0

        CLASS   CONST          

        CLASS   SMALLCONST     
                smallconst                          F00      F00       3E         0

        CLASS   MEDIUMCONST    

        CLASS   COMRAM         
                cstackCOMRAM                          1        1       29         1
                dataCOMRAM                           3F       3F        D         1
                bssCOMRAM                            2A       2A       15         1

        CLASS   ABS1           

        CLASS   BIGRAM         

        CLASS   RAM            

        CLASS   BANK0          

        CLASS   BANK1          
                bssBANK1                            100      100      100         1

        CLASS   BANK2          

        CLASS   BANK3          

        CLASS   BANK4          

        CLASS   BANK5          

        CLASS   BANK6          

        CLASS   BANK7          

        CLASS   BANK8          

        CLASS   BANK9          

        CLASS   BANK10         

        CLASS   BANK11         

        CLASS   BANK12         

        CLASS   BANK13         

        CLASS   BANK14         

        CLASS   SFR            

        CLASS   FARRAM         

        CLASS   CONFIG         
                config                             FFF8     FFF8        8         0

        CLASS   IDLOC          



SEGMENTS        Name                           Load    Length   Top    Selector   Space  Class

                reset_vec                      000000  000004  000004         0       0  CODE    
                cstackCOMRAM                   000001  00004B  00004C         1       1  COMRAM  
                bssBANK1                       000100  000100  000200       100       1  BANK1   
                smallconst                     000F00  00003E  000F3E       780       0  SMALLCON
                text1                          000F3E  000981  0018BF       79F       0  CODE    
                text10                         0018C0  00003C  0018FC       C60       0  CODE    
                config                         00FFF8  000008  010000      FFF8       0  CONFIG  


UNUSED ADDRESS RANGES

        Name                Unused          Largest block    Delta
        BANK0            00060-000FF              A0
        BANK10           00A00-00AFF             100
        BANK11           00B00-00BFF             100
        BANK12           00C00-00CFF             100
        BANK13           00D00-00DFF             100
        BANK14           00E00-00EAF              B0
        BANK2            00200-002FF             100
        BANK3            00300-003FF             100
        BANK4            00400-004FF             100
        BANK5            00500-005FF             100
        BANK6            00600-006FF             100
        BANK7            00700-007FF             100
        BANK8            00800-008FF             100
        BANK9            00900-009FF             100
        BIGRAM           0004C-000FF              B4
                         00200-00EAF             CB0
        CODE             00004-00EFF             EFC
                         018BF-018BF               1
                         018FC-0FFF7            E6FC
        COMRAM           0004C-0005F              14
        CONST            00004-00EFF             EFC
                         018BF-018BF               1
                         018FC-0FFF7            E6FC
        MEDIUMCONST      018BF-018BF               1
                         018FC-0FFF7            E6FC
        RAM              00060-000FF              A0
                         00200-00EAF             100
        SFR              00EB0-00FFF              60
        SMALLCONST       018BF-018BF               1
                         018FC-0FFF7             100
        STACK            00200-00EAF             CB0

                                  Symbol Table

?___aldiv                                       cstackCOMRAM  00007
?___awdiv                                       cstackCOMRAM  00001
?___awmod                                       cstackCOMRAM  00001
?___lwdiv                                       cstackCOMRAM  00001
?___lwmod                                       cstackCOMRAM  00001
?___wmul                                        cstackCOMRAM  00001
BCDtoDecimal@BCDvalue                           cstackCOMRAM  00001
EUSART1_SetErrorHandler@interruptHandler        cstackCOMRAM  00001
EUSART1_SetFramingErrorHandler@interruptHandler cstackCOMRAM  00001
EUSART1_SetOverrunErrorHandler@interruptHandler cstackCOMRAM  00001
EUSART1_Write_Text@iSize                        cstackCOMRAM  00003
EUSART1_Write_Text@iSizeQueued                  cstackCOMRAM  00006
EUSART1_Write_Text@pbData                       cstackCOMRAM  00001
EUSART1_itoa@base                               cstackCOMRAM  0001D
EUSART1_itoa@buf                                cstackCOMRAM  0001F
EUSART1_itoa@data                               cstackCOMRAM  00019
I2C_Init@F_clock                                cstackCOMRAM  00015
I2C_Write@data                                  cstackCOMRAM  00001
I2C_read@ACK_NACK                               cstackCOMRAM  00001
PCF8523_write@data                              cstackCOMRAM  0000D
PCF8523_write@regAdd                            cstackCOMRAM  0000E
_ADC                                            bssCOMRAM     00036
_ANCON0                                         (abs)         00F48
_ANCON1                                         (abs)         00F49
_BAUDCON1                                       (abs)         00F7E
_BCDtoDecimal                                   text9         017A4
_EUSART1_DefaultErrorHandler                    (abs)         00000
_EUSART1_DefaultFramingErrorHandler             (abs)         00000
_EUSART1_DefaultOverrunErrorHandler             (abs)         00000
_EUSART1_ErrorHandler                           bssCOMRAM     00038
_EUSART1_FramingErrorHandler                    bssCOMRAM     0003C
_EUSART1_Initialize                             text19        0165E
_EUSART1_OverrunErrorHandler                    bssCOMRAM     0003A
_EUSART1_SetErrorHandler                        text22        018DE
_EUSART1_SetFramingErrorHandler                 text21        018D4
_EUSART1_SetOverrunErrorHandler                 text20        018CA
_EUSART1_Write_Text                             text34        0132C
_EUSART1_itoa                                   text29        0169C
_I2C_Init                                       text16        014A6
_I2C_Write                                      text27        0184C
_I2C_buffClear                                  text25        01894
_I2C_read                                       text8         0187E
_I2C_start                                      text26        018E8
_I2C_stop                                       text28        018F2
_INTCON2bits                                    (abs)         00FF1
_INTCONbits                                     (abs)         00FF2
_LATA                                           (abs)         00F89
_LATB                                           (abs)         00F8A
_LATBbits                                       (abs)         00F8A
_LATC                                           (abs)         00F8B
_LATCbits                                       (abs)         00F8B
_LATD                                           (abs)         00F8C
_LATE                                           (abs)         00F8D
_ODCON1                                         (abs)         00F42
_ODCON2                                         (abs)         00F41
_ODCON3                                         (abs)         00F40
_OSCCON                                         (abs)         00FD3
_OSCCON2                                        (abs)         00F87
_OSCILLATOR_Initialize                          text15        0177A
_OSCTUNE                                        (abs)         00F9B
_PCF8523_write                                  text24        01812
_PIE3bits                                       (abs)         00FA3
_PIN_MANAGER_Initialize                         text14        01596
_PIR1bits                                       (abs)         00F9E
_PIR3bits                                       (abs)         00FA4
_PORTBbits                                      (abs)         00F81
_RCREG1                                         (abs)         00FAF
_RCSTA1                                         (abs)         00FAC
_RCSTA1bits                                     (abs)         00FAC
_REFOCON                                        (abs)         00F3D
_RTC_Init                                       text23        017F2
_SPBRG1                                         (abs)         00FB0
_SPBRGH1                                        (abs)         00F7F
_SPI1_Initialize                                text13        018A4
_SSP1ADD                                        (abs)         00FC8
_SSP1BUF                                        (abs)         00FC9
_SSP1CON1                                       (abs)         00FC6
_SSP1CON1bits                                   (abs)         00FC6
_SSP1STAT                                       (abs)         00FC7
_SSP1STATbits                                   (abs)         00FC7
_SSP2ADD                                        (abs)         00F74
_SSP2BUF                                        (abs)         00F75
_SSP2CON1bits                                   (abs)         00F72
_SSP2CON2bits                                   (abs)         00F71
_SSP2STATbits                                   (abs)         00F73
_SYSTEM_Initialize                              text12        01866
_TRISA                                          (abs)         00F92
_TRISB                                          (abs)         00F93
_TRISC                                          (abs)         00F94
_TRISD                                          (abs)         00F95
_TRISDbits                                      (abs)         00F95
_TRISE                                          (abs)         00F96
_TRISEbits                                      (abs)         00F96
_TXREG1                                         (abs)         00FAE
_TXSTA1                                         (abs)         00FAD
_TXSTA1bits                                     (abs)         00FAD
_TxData                                         bssBANK1      00100
__CFG_ADCSEL$BIT10                              (abs)         00000
__CFG_CFGPLLEN$OFF                              (abs)         00000
__CFG_CLKOEC$ON                                 (abs)         00000
__CFG_CP0$OFF                                   (abs)         00000
__CFG_DSBOREN$ON                                (abs)         00000
__CFG_DSWDTEN$ON                                (abs)         00000
__CFG_DSWDTOSC$INTOSCREF                        (abs)         00000
__CFG_DSWDTPS$G2                                (abs)         00000
__CFG_FCMEN$ON                                  (abs)         00000
__CFG_IESO$ON                                   (abs)         00000
__CFG_IOL1WAY$ON                                (abs)         00000
__CFG_MSSP7B_EN$MSK7                            (abs)         00000
__CFG_OSC$HS                                    (abs)         00000
__CFG_PLLDIV$1                                  (abs)         00000
__CFG_PLLSEL$PLL4X                              (abs)         00000
__CFG_RTCOSC$T1OSCREF                           (abs)         00000
__CFG_SOSCSEL$DIG                               (abs)         00000
__CFG_STVREN$ON                                 (abs)         00000
__CFG_WDTEN$OFF                                 (abs)         00000
__CFG_WDTPS$32768                               (abs)         00000
__CFG_WPCFG$OFF                                 (abs)         00000
__CFG_WPDIS$OFF                                 (abs)         00000
__CFG_WPEND$PAGE_WPFP                           (abs)         00000
__CFG_WPFP$PAGE_63                              (abs)         00000
__CFG_XINST$OFF                                 (abs)         00000
__HRAM                                          (abs)         00000
__Habs1                                         abs1          00000
__Hbank0                                        bank0         00000
__Hbank1                                        bank1         00000
__Hbank10                                       bank10        00000
__Hbank11                                       bank11        00000
__Hbank12                                       bank12        00000
__Hbank13                                       bank13        00000
__Hbank14                                       bank14        00000
__Hbank2                                        bank2         00000
__Hbank3                                        bank3         00000
__Hbank4                                        bank4         00000
__Hbank5                                        bank5         00000
__Hbank6                                        bank6         00000
__Hbank7                                        bank7         00000
__Hbank8                                        bank8         00000
__Hbank9                                        bank9         00000
__Hbigbss                                       bigbss        00000
__Hbigdata                                      bigdata       00000
__Hbigram                                       bigram        00000
__Hbss                                          bss           00000
__HbssBANK1                                     bssBANK1      00000
__HbssCOMRAM                                    bssCOMRAM     00000
__Hcinit                                        cinit         00000
__Hclrtext                                      clrtext       00000
__Hcomram                                       comram        00000
__Hconfig                                       config        10000
__Hconst                                        const         00000
__HcstackCOMRAM                                 cstackCOMRAM  00000
__Hdata                                         data          00000
__HdataCOMRAM                                   dataCOMRAM    00000
__Hfarbss                                       farbss        00000
__Hfardata                                      fardata       00000
__Hibigdata                                     ibigdata      00000
__Hidata                                        idata         00000
__HidataCOMRAM                                  idataCOMRAM   00000
__Hidloc                                        idloc         00000
__Hifardata                                     ifardata      00000
__Hinit                                         init          00004
__Hintcode                                      intcode       00000
__Hintcode_body                                 intcode_body  00000
__Hintcodelo                                    intcodelo     00000
__Hintentry                                     intentry      00000
__Hintret                                       intret        00000
__Hintsave_regs                                 intsave_regs  00000
__Hirdata                                       irdata        00000
__Hjflash_buffer                                jflash_buffer 0F800
__Hmediumconst                                  mediumconst   00000
__HnvFARRAM                                     nvFARRAM      00000
__Hnvbit                                        nvbit         00000
__Hnvrram                                       nvrram        00000
__Hparam                                        rparam        00000
__Hpowerup                                      powerup       00000
__Hram                                          ram           00000
__Hramtop                                       ramtop        00F00
__Hrbit                                         rbit          00000
__Hrbss                                         rbss          00000
__Hrdata                                        rdata         00000
__Hreset_vec                                    reset_vec     00000
__Hrparam                                       rparam        00000
__Hsfr                                          sfr           00000
__Hsmallconst                                   smallconst    00F3E
__Hspace_0                                      (abs)         10000
__Hspace_1                                      (abs)         00200
__Hspace_2                                      (abs)         00000
__Hstack                                        stack         00000
__Hstruct                                       struct        00000
__Htemp                                         temp          00000
__Htext                                         text          00000
__Htext0                                        text0         00000
__Htext1                                        text1         00000
__Htext10                                       text10        00000
__Htext11                                       text11        00000
__Htext12                                       text12        00000
__Htext13                                       text13        00000
__Htext14                                       text14        00000
__Htext15                                       text15        00000
__Htext16                                       text16        00000
__Htext17                                       text17        00000
__Htext18                                       text18        00000
__Htext19                                       text19        00000
__Htext2                                        text2         00000
__Htext20                                       text20        00000
__Htext21                                       text21        00000
__Htext22                                       text22        00000
__Htext23                                       text23        00000
__Htext24                                       text24        00000
__Htext25                                       text25        00000
__Htext26                                       text26        00000
__Htext27                                       text27        00000
__Htext28                                       text28        00000
__Htext29                                       text29        00000
__Htext3                                        text3         00000
__Htext30                                       text30        00000
__Htext31                                       text31        00000
__Htext32                                       text32        00000
__Htext33                                       text33        00000
__Htext34                                       text34        00000
__Htext4                                        text4         00000
__Htext5                                        text5         00000
__Htext6                                        text6         00000
__Htext7                                        text7         00000
__Htext8                                        text8         00000
__Htext9                                        text9         00000
__LRAM                                          (abs)         00001
__Labs1                                         abs1          00000
__Lbank0                                        bank0         00000
__Lbank1                                        bank1         00000
__Lbank10                                       bank10        00000
__Lbank11                                       bank11        00000
__Lbank12                                       bank12        00000
__Lbank13                                       bank13        00000
__Lbank14                                       bank14        00000
__Lbank2                                        bank2         00000
__Lbank3                                        bank3         00000
__Lbank4                                        bank4         00000
__Lbank5                                        bank5         00000
__Lbank6                                        bank6         00000
__Lbank7                                        bank7         00000
__Lbank8                                        bank8         00000
__Lbank9                                        bank9         00000
__Lbigbss                                       bigbss        00000
__Lbigdata                                      bigdata       00000
__Lbigram                                       bigram        00000
__Lbss                                          bss           00000
__LbssBANK1                                     bssBANK1      00000
__LbssCOMRAM                                    bssCOMRAM     00000
__Lcinit                                        cinit         00000
__Lclrtext                                      clrtext       00000
__Lcomram                                       comram        00000
__Lconfig                                       config        0FFF8
__Lconst                                        const         00000
__LcstackCOMRAM                                 cstackCOMRAM  00000
__Ldata                                         data          00000
__LdataCOMRAM                                   dataCOMRAM    00000
__Lfarbss                                       farbss        00000
__Lfardata                                      fardata       00000
__Libigdata                                     ibigdata      00000
__Lidata                                        idata         00000
__LidataCOMRAM                                  idataCOMRAM   00000
__Lidloc                                        idloc         00000
__Lifardata                                     ifardata      00000
__Linit                                         init          00000
__Lintcode                                      intcode       00000
__Lintcode_body                                 intcode_body  00000
__Lintcodelo                                    intcodelo     00000
__Lintentry                                     intentry      00000
__Lintret                                       intret        00000
__Lintsave_regs                                 intsave_regs  00000
__Lirdata                                       irdata        00000
__Ljflash_buffer                                jflash_buffer 0F800
__Lmediumconst                                  mediumconst   00000
__LnvFARRAM                                     nvFARRAM      00000
__Lnvbit                                        nvbit         00000
__Lnvrram                                       nvrram        00000
__Lparam                                        rparam        00000
__Lpowerup                                      powerup       00000
__Lram                                          ram           00000
__Lramtop                                       ramtop        00F00
__Lrbit                                         rbit          00000
__Lrbss                                         rbss          00000
__Lrdata                                        rdata         00000
__Lreset_vec                                    reset_vec     00000
__Lrparam                                       rparam        00000
__Lsfr                                          sfr           00000
__Lsmallconst                                   smallconst    00F00
__Lspace_0                                      (abs)         00000
__Lspace_1                                      (abs)         00000
__Lspace_2                                      (abs)         00000
__Lstack                                        stack         00000
__Lstruct                                       struct        00000
__Ltemp                                         temp          00000
__Ltext                                         text          00000
__Ltext0                                        text0         00000
__Ltext1                                        text1         00000
__Ltext10                                       text10        00000
__Ltext11                                       text11        00000
__Ltext12                                       text12        00000
__Ltext13                                       text13        00000
__Ltext14                                       text14        00000
__Ltext15                                       text15        00000
__Ltext16                                       text16        00000
__Ltext17                                       text17        00000
__Ltext18                                       text18        00000
__Ltext19                                       text19        00000
__Ltext2                                        text2         00000
__Ltext20                                       text20        00000
__Ltext21                                       text21        00000
__Ltext22                                       text22        00000
__Ltext23                                       text23        00000
__Ltext24                                       text24        00000
__Ltext25                                       text25        00000
__Ltext26                                       text26        00000
__Ltext27                                       text27        00000
__Ltext28                                       text28        00000
__Ltext29                                       text29        00000
__Ltext3                                        text3         00000
__Ltext30                                       text30        00000
__Ltext31                                       text31        00000
__Ltext32                                       text32        00000
__Ltext33                                       text33        00000
__Ltext34                                       text34        00000
__Ltext4                                        text4         00000
__Ltext5                                        text5         00000
__Ltext6                                        text6         00000
__Ltext7                                        text7         00000
__Ltext8                                        text8         00000
__Ltext9                                        text9         00000
__S0                                            (abs)         10000
__S1                                            (abs)         00200
__S2                                            (abs)         00000
___aldiv                                        text18        01128
___aldiv@counter                                cstackCOMRAM  0000F
___aldiv@dividend                               cstackCOMRAM  00007
___aldiv@divisor                                cstackCOMRAM  0000B
___aldiv@quotient                               cstackCOMRAM  00011
___aldiv@sign                                   cstackCOMRAM  00010
___awdiv                                        text5         013B2
___awdiv@counter                                cstackCOMRAM  00005
___awdiv@dividend                               cstackCOMRAM  00001
___awdiv@divisor                                cstackCOMRAM  00003
___awdiv@quotient                               cstackCOMRAM  00007
___awdiv@sign                                   cstackCOMRAM  00006
___awmod                                        text4         01436
___awmod@counter                                cstackCOMRAM  00005
___awmod@dividend                               cstackCOMRAM  00001
___awmod@divisor                                cstackCOMRAM  00003
___awmod@sign                                   cstackCOMRAM  00006
___inthi_sp                                     stack         00000
___intlo_sp                                     stack         00000
___lwdiv                                        text33        014FA
___lwdiv@counter                                cstackCOMRAM  00007
___lwdiv@dividend                               cstackCOMRAM  00001
___lwdiv@divisor                                cstackCOMRAM  00003
___lwdiv@quotient                               cstackCOMRAM  00005
___lwmod                                        text32        0161C
___lwmod@counter                                cstackCOMRAM  00005
___lwmod@dividend                               cstackCOMRAM  00001
___lwmod@divisor                                cstackCOMRAM  00003
___param_bank                                   (abs)         00000
___rparam_used                                  (abs)         00001
___sp                                           stack         00000
___wmul                                         text17        017CC
___wmul@multiplicand                            cstackCOMRAM  00003
___wmul@multiplier                              cstackCOMRAM  00001
___wmul@product                                 cstackCOMRAM  00005
__accesstop                                     (abs)         00060
__activetblptr                                  (abs)         00002
__end_of_BCDtoDecimal                           text9         017CC
__end_of_EUSART1_Initialize                     text19        0169C
__end_of_EUSART1_SetErrorHandler                text22        018E8
__end_of_EUSART1_SetFramingErrorHandler         text21        018DE
__end_of_EUSART1_SetOverrunErrorHandler         text20        018D4
__end_of_EUSART1_Write_Text                     text34        013B2
__end_of_EUSART1_itoa                           text29        016DA
__end_of_I2C_Init                               text16        014FA
__end_of_I2C_Write                              text27        01866
__end_of_I2C_buffClear                          text25        018A4
__end_of_I2C_read                               text8         01894
__end_of_I2C_start                              text26        018F2
__end_of_I2C_stop                               text28        018FC
__end_of_OSCILLATOR_Initialize                  text15        017A4
__end_of_PCF8523_write                          text24        01830
__end_of_PIN_MANAGER_Initialize                 text14        015DA
__end_of_RTC_Init                               text23        01812
__end_of_SPI1_Initialize                        text13        018B2
__end_of_SYSTEM_Initialize                      text12        0187E
__end_of___aldiv                                text18        011F4
__end_of___awdiv                                text5         01436
__end_of___awmod                                text4         014A6
__end_of___lwdiv                                text33        0154C
__end_of___lwmod                                text32        0165E
__end_of___wmul                                 text17        017F2
__end_of__initialization                        cinit         0158C
__end_of_countDown                              text11        0177A
__end_of_decimalToBCD                           text3         0174E
__end_of_interrupt_Init                         text10        018CA
__end_of_itoa                                   text30        0161C
__end_of_main                                   text0         0132C
__end_of_rtcRead                                text7         01716
__end_of_rtc_INTF_CLR                           text6         0184C
__end_of_setDate                                text2         01128
__end_of_setTime                                text1         01044
__end_of_utoa                                   text31        01298
__end_ofexp@coeff                               smallconst    00F1F
__end_oflog@coeff                               smallconst    00F3A
__initialization                                cinit         0154C
__mediumconst                                   mediumconst   00000
__pbssBANK1                                     bssBANK1      00100
__pbssCOMRAM                                    bssCOMRAM     0002A
__pcinit                                        cinit         0154C
__pcstackCOMRAM                                 cstackCOMRAM  00001
__pdataCOMRAM                                   dataCOMRAM    0003F
__pidataCOMRAM                                  idataCOMRAM   018B2
__psmallconst                                   smallconst    00F00
__ptext0                                        text0         01298
__ptext1                                        text1         00F3E
__ptext10                                       text10        018C0
__ptext11                                       text11        0174E
__ptext12                                       text12        01866
__ptext13                                       text13        018A4
__ptext14                                       text14        01596
__ptext15                                       text15        0177A
__ptext16                                       text16        014A6
__ptext17                                       text17        017CC
__ptext18                                       text18        01128
__ptext19                                       text19        0165E
__ptext2                                        text2         01044
__ptext20                                       text20        018CA
__ptext21                                       text21        018D4
__ptext22                                       text22        018DE
__ptext23                                       text23        017F2
__ptext24                                       text24        01812
__ptext25                                       text25        01894
__ptext26                                       text26        018E8
__ptext27                                       text27        0184C
__ptext28                                       text28        018F2
__ptext29                                       text29        0169C
__ptext3                                        text3         01716
__ptext30                                       text30        015DA
__ptext31                                       text31        011F4
__ptext32                                       text32        0161C
__ptext33                                       text33        014FA
__ptext34                                       text34        0132C
__ptext4                                        text4         01436
__ptext5                                        text5         013B2
__ptext6                                        text6         01830
__ptext7                                        text7         016DA
__ptext8                                        text8         0187E
__ptext9                                        text9         017A4
__ramtop                                        ramtop        00F00
__size_of_BCDtoDecimal                          (abs)         00000
__size_of_EUSART1_Initialize                    (abs)         00000
__size_of_EUSART1_SetErrorHandler               (abs)         00000
__size_of_EUSART1_SetFramingErrorHandler        (abs)         00000
__size_of_EUSART1_SetOverrunErrorHandler        (abs)         00000
__size_of_EUSART1_Write_Text                    (abs)         00000
__size_of_EUSART1_itoa                          (abs)         00000
__size_of_I2C_Init                              (abs)         00000
__size_of_I2C_Write                             (abs)         00000
__size_of_I2C_buffClear                         (abs)         00000
__size_of_I2C_read                              (abs)         00000
__size_of_I2C_start                             (abs)         00000
__size_of_I2C_stop                              (abs)         00000
__size_of_OSCILLATOR_Initialize                 (abs)         00000
__size_of_PCF8523_write                         (abs)         00000
__size_of_PIN_MANAGER_Initialize                (abs)         00000
__size_of_RTC_Init                              (abs)         00000
__size_of_SPI1_Initialize                       (abs)         00000
__size_of_SYSTEM_Initialize                     (abs)         00000
__size_of___aldiv                               (abs)         00000
__size_of___awdiv                               (abs)         00000
__size_of___awmod                               (abs)         00000
__size_of___lwdiv                               (abs)         00000
__size_of___lwmod                               (abs)         00000
__size_of___wmul                                (abs)         00000
__size_of_countDown                             (abs)         00000
__size_of_decimalToBCD                          (abs)         00000
__size_of_interrupt_Init                        (abs)         00000
__size_of_itoa                                  (abs)         00000
__size_of_main                                  (abs)         00000
__size_of_rtcRead                               (abs)         00000
__size_of_rtc_INTF_CLR                          (abs)         00000
__size_of_setDate                               (abs)         00000
__size_of_setTime                               (abs)         00000
__size_of_utoa                                  (abs)         00000
__smallconst                                    smallconst    00F00
_countDown                                      text11        0174E
_decimalToBCD                                   text3         01716
_errno                                          bssCOMRAM     00034
_eusart1RxLastError                             bssCOMRAM     0003E
_interrupt_Init                                 text10        018C0
_itoa                                           text30        015DA
_main                                           text0         01298
_rtcRead                                        text7         016DA
_rtc_INTF_CLR                                   text6         01830
_sData                                          bssCOMRAM     0002A
_setDate                                        text2         01044
_setTime                                        text1         00F3E
_utoa                                           text31        011F4
countDown@time                                  cstackCOMRAM  0000F
countDown@timeUnit                              cstackCOMRAM  00010
decimalToBCD@DecValue                           cstackCOMRAM  00009
end_of_initialization                           cinit         0158C
intlevel0                                       text          00000
intlevel1                                       text          00000
intlevel2                                       text          00000
intlevel3                                       text          00000
itoa@base                                       cstackCOMRAM  00015
itoa@buf                                        cstackCOMRAM  00011
itoa@cp                                         cstackCOMRAM  00017
itoa@val                                        cstackCOMRAM  00013
rtcRead@address                                 cstackCOMRAM  00007
rtc_INTF_CLR@interruptFlag                      cstackCOMRAM  0000F
setDate@F7764                                   dataCOMRAM    00047
setDate@Register                                cstackCOMRAM  00012
setDate@day                                     cstackCOMRAM  00017
setDate@month                                   cstackCOMRAM  00010
setDate@timeReg                                 cstackCOMRAM  00018
setDate@weekday                                 cstackCOMRAM  0000F
setDate@year                                    cstackCOMRAM  00011
setTime@F7757                                   dataCOMRAM    0003F
setTime@Register                                cstackCOMRAM  00014
setTime@hour                                    cstackCOMRAM  00013
setTime@minute                                  cstackCOMRAM  0000F
setTime@second                                  cstackCOMRAM  00010
setTime@timeReg                                 cstackCOMRAM  0001C
stackhi                                         (abs)         00EAF
stacklo                                         (abs)         00200
start                                           init          00000
start_initialization                            cinit         0154C
utoa@base                                       cstackCOMRAM  0000C
utoa@buf                                        cstackCOMRAM  00008
utoa@c                                          cstackCOMRAM  00010
utoa@v                                          cstackCOMRAM  0000E
utoa@val                                        cstackCOMRAM  0000A


FUNCTION INFORMATION:

 *************** function _main *****************
 Defined at:
		line 5 in file "main.c"
 Parameters:    Size  Location     Type
		None
 Auto vars:     Size  Location     Type
		None
 Return value:  Size  Location     Type
                  1    wreg      void 
 Registers used:
		wreg, fsr0l, fsr0h, fsr1l, fsr1h, fsr2l, fsr2h, status,2, status,0, tblptrl, tblptrh, tblptru, prodl, prodh, cstack
 Tracked objects:
		On entry : 
		On exit  : 
		Unchanged: 
 Data sizes:     COMRAM   BANK0   BANK1   BANK2   BANK3   BANK4   BANK5   BANK6   BANK7   BANK8   BANK9  BANK10  BANK11  BANK12  BANK13  BANK14
      Params:         0       0       0       0       0       0       0       0       0       0       0       0       0       0       0       0
      Locals:         0       0       0       0       0       0       0       0       0       0       0       0       0       0       0       0
      Temps:          1       0       0       0       0       0       0       0       0       0       0       0       0       0       0       0
      Totals:         1       0       0       0       0       0       0       0       0       0       0       0       0       0       0       0
Total ram usage:        1 bytes
 Hardware stack levels required when called:    4
 This function calls:
		_EUSART1_itoa
		_I2C_buffClear
		_RTC_Init
		_SYSTEM_Initialize
		_countDown
		_interrupt_Init
		_rtcRead
		_rtc_INTF_CLR
		_setDate
		_setTime
 This function is called by:
		Startup code after reset
 This function uses a non-reentrant model


 *************** function _setTime *****************
 Defined at:
		line 27 in file "RTC_PCF8523.c"
 Parameters:    Size  Location     Type
  hour            1    wreg     unsigned char 
  minute          1   14[COMRAM] unsigned char 
  second          1   15[COMRAM] unsigned char 
 Auto vars:     Size  Location     Type
  hour            1   18[COMRAM] unsigned char 
  timeReg         2   27[COMRAM] int 
  Register        8   19[COMRAM] int [4]
 Return value:  Size  Location     Type
                  1    wreg      void 
 Registers used:
		wreg, fsr1l, fsr1h, fsr2l, fsr2h, status,2, status,0, cstack
 Tracked objects:
		On entry : 
		On exit  : 
		Unchanged: 
 Data sizes:     COMRAM   BANK0   BANK1   BANK2   BANK3   BANK4   BANK5   BANK6   BANK7   BANK8   BANK9  BANK10  BANK11  BANK12  BANK13  BANK14
      Params:         2       0       0       0       0       0       0       0       0       0       0       0       0       0       0       0
      Locals:        11       0       0       0       0       0       0       0       0       0       0       0       0       0       0       0
      Temps:          2       0       0       0       0       0       0       0       0       0       0       0       0       0       0       0
      Totals:        15       0       0       0       0       0       0       0       0       0       0       0       0       0       0       0
Total ram usage:       15 bytes
 Hardware stack levels used:    1
 Hardware stack levels required when called:    3
 This function calls:
		_PCF8523_write
		_decimalToBCD
 This function is called by:
		_main
 This function uses a non-reentrant model


 *************** function _setDate *****************
 Defined at:
		line 39 in file "RTC_PCF8523.c"
 Parameters:    Size  Location     Type
  day             1    wreg     unsigned char 
  weekday         1   14[COMRAM] unsigned char 
  month           1   15[COMRAM] unsigned char 
  year            1   16[COMRAM] unsigned char 
 Auto vars:     Size  Location     Type
  day             1   22[COMRAM] unsigned char 
  timeReg         2   23[COMRAM] int 
  Register        5   17[COMRAM] unsigned char [5]
 Return value:  Size  Location     Type
                  1    wreg      void 
 Registers used:
		wreg, fsr1l, fsr1h, fsr2l, fsr2h, status,2, status,0, cstack
 Tracked objects:
		On entry : 
		On exit  : 
		Unchanged: 
 Data sizes:     COMRAM   BANK0   BANK1   BANK2   BANK3   BANK4   BANK5   BANK6   BANK7   BANK8   BANK9  BANK10  BANK11  BANK12  BANK13  BANK14
      Params:         3       0       0       0       0       0       0       0       0       0       0       0       0       0       0       0
      Locals:         8       0       0       0       0       0       0       0       0       0       0       0       0       0       0       0
      Temps:          0       0       0       0       0       0       0       0       0       0       0       0       0       0       0       0
      Totals:        11       0       0       0       0       0       0       0       0       0       0       0       0       0       0       0
Total ram usage:       11 bytes
 Hardware stack levels used:    1
 Hardware stack levels required when called:    3
 This function calls:
		_PCF8523_write
		_decimalToBCD
 This function is called by:
		_main
 This function uses a non-reentrant model


 *************** function _decimalToBCD *****************
 Defined at:
		line 94 in file "RTC_PCF8523.c"
 Parameters:    Size  Location     Type
  DecValue        2    8[COMRAM] int 
 Auto vars:     Size  Location     Type
		None
 Return value:  Size  Location     Type
                  1    wreg      unsigned char 
 Registers used:
		wreg, status,2, status,0, cstack
 Tracked objects:
		On entry : 
		On exit  : 
		Unchanged: 
 Data sizes:     COMRAM   BANK0   BANK1   BANK2   BANK3   BANK4   BANK5   BANK6   BANK7   BANK8   BANK9  BANK10  BANK11  BANK12  BANK13  BANK14
      Params:         2       0       0       0       0       0       0       0       0       0       0       0       0       0       0       0
      Locals:         0       0       0       0       0       0       0       0       0       0       0       0       0       0       0       0
      Temps:          2       0       0       0       0       0       0       0       0       0       0       0       0       0       0       0
      Totals:         4       0       0       0       0       0       0       0       0       0       0       0       0       0       0       0
Total ram usage:        4 bytes
 Hardware stack levels used:    1
 Hardware stack levels required when called:    1
 This function calls:
		___awdiv
		___awmod
 This function is called by:
		_setTime
		_setDate
		_setAlarm
 This function uses a non-reentrant model


 *************** function ___awmod *****************
 Defined at:
		line 8 in file "C:\Program Files (x86)\Microchip\xc8\v1.45\sources\common\awmod.c"
 Parameters:    Size  Location     Type
  dividend        2    0[COMRAM] int 
  divisor         2    2[COMRAM] int 
 Auto vars:     Size  Location     Type
  sign            1    5[COMRAM] unsigned char 
  counter         1    4[COMRAM] unsigned char 
 Return value:  Size  Location     Type
                  2    0[COMRAM] int 
 Registers used:
		wreg, status,2, status,0
 Tracked objects:
		On entry : 
		On exit  : 
		Unchanged: 
 Data sizes:     COMRAM   BANK0   BANK1   BANK2   BANK3   BANK4   BANK5   BANK6   BANK7   BANK8   BANK9  BANK10  BANK11  BANK12  BANK13  BANK14
      Params:         4       0       0       0       0       0       0       0       0       0       0       0       0       0       0       0
      Locals:         2       0       0       0       0       0       0       0       0       0       0       0       0       0       0       0
      Temps:          0       0       0       0       0       0       0       0       0       0       0       0       0       0       0       0
      Totals:         6       0       0       0       0       0       0       0       0       0       0       0       0       0       0       0
Total ram usage:        6 bytes
 Hardware stack levels used:    1
 This function calls:
		Nothing
 This function is called by:
		_decimalToBCD
 This function uses a non-reentrant model


 *************** function ___awdiv *****************
 Defined at:
		line 8 in file "C:\Program Files (x86)\Microchip\xc8\v1.45\sources\common\awdiv.c"
 Parameters:    Size  Location     Type
  dividend        2    0[COMRAM] int 
  divisor         2    2[COMRAM] int 
 Auto vars:     Size  Location     Type
  quotient        2    6[COMRAM] int 
  sign            1    5[COMRAM] unsigned char 
  counter         1    4[COMRAM] unsigned char 
 Return value:  Size  Location     Type
                  2    0[COMRAM] int 
 Registers used:
		wreg, status,2, status,0
 Tracked objects:
		On entry : 
		On exit  : 
		Unchanged: 
 Data sizes:     COMRAM   BANK0   BANK1   BANK2   BANK3   BANK4   BANK5   BANK6   BANK7   BANK8   BANK9  BANK10  BANK11  BANK12  BANK13  BANK14
      Params:         4       0       0       0       0       0       0       0       0       0       0       0       0       0       0       0
      Locals:         4       0       0       0       0       0       0       0       0       0       0       0       0       0       0       0
      Temps:          0       0       0       0       0       0       0       0       0       0       0       0       0       0       0       0
      Totals:         8       0       0       0       0       0       0       0       0       0       0       0       0       0       0       0
Total ram usage:        8 bytes
 Hardware stack levels used:    1
 This function calls:
		Nothing
 This function is called by:
		_decimalToBCD
 This function uses a non-reentrant model


 *************** function _rtc_INTF_CLR *****************
 Defined at:
		line 88 in file "RTC_PCF8523.c"
 Parameters:    Size  Location     Type
  interruptFla    2   14[COMRAM] int 
 Auto vars:     Size  Location     Type
		None
 Return value:  Size  Location     Type
                  2   14[COMRAM] int 
 Registers used:
		wreg, status,2, cstack
 Tracked objects:
		On entry : 
		On exit  : 
		Unchanged: 
 Data sizes:     COMRAM   BANK0   BANK1   BANK2   BANK3   BANK4   BANK5   BANK6   BANK7   BANK8   BANK9  BANK10  BANK11  BANK12  BANK13  BANK14
      Params:         2       0       0       0       0       0       0       0       0       0       0       0       0       0       0       0
      Locals:         0       0       0       0       0       0       0       0       0       0       0       0       0       0       0       0
      Temps:          1       0       0       0       0       0       0       0       0       0       0       0       0       0       0       0
      Totals:         3       0       0       0       0       0       0       0       0       0       0       0       0       0       0       0
Total ram usage:        3 bytes
 Hardware stack levels used:    1
 Hardware stack levels required when called:    3
 This function calls:
		_PCF8523_write
 This function is called by:
		_main
 This function uses a non-reentrant model


 *************** function _rtcRead *****************
 Defined at:
		line 68 in file "RTC_PCF8523.c"
 Parameters:    Size  Location     Type
  address         1    wreg     unsigned char 
 Auto vars:     Size  Location     Type
  address         1    6[COMRAM] unsigned char 
 Return value:  Size  Location     Type
                  1    wreg      unsigned char 
 Registers used:
		wreg, status,2, status,0, prodl, prodh, cstack
 Tracked objects:
		On entry : 
		On exit  : 
		Unchanged: 
 Data sizes:     COMRAM   BANK0   BANK1   BANK2   BANK3   BANK4   BANK5   BANK6   BANK7   BANK8   BANK9  BANK10  BANK11  BANK12  BANK13  BANK14
      Params:         0       0       0       0       0       0       0       0       0       0       0       0       0       0       0       0
      Locals:         1       0       0       0       0       0       0       0       0       0       0       0       0       0       0       0
      Temps:          0       0       0       0       0       0       0       0       0       0       0       0       0       0       0       0
      Totals:         1       0       0       0       0       0       0       0       0       0       0       0       0       0       0       0
Total ram usage:        1 bytes
 Hardware stack levels used:    1
 Hardware stack levels required when called:    2
 This function calls:
		_BCDtoDecimal
		_I2C_Write
		_I2C_read
		_I2C_start
		_I2C_stop
 This function is called by:
		_main
 This function uses a non-reentrant model


 *************** function _I2C_read *****************
 Defined at:
		line 42 in file "I2C.c"
 Parameters:    Size  Location     Type
  ACK_NACK        2    0[COMRAM] int 
 Auto vars:     Size  Location     Type
		None
 Return value:  Size  Location     Type
                  2    0[COMRAM] int 
 Registers used:
		None
 Tracked objects:
		On entry : 
		On exit  : 
		Unchanged: 
 Data sizes:     COMRAM   BANK0   BANK1   BANK2   BANK3   BANK4   BANK5   BANK6   BANK7   BANK8   BANK9  BANK10  BANK11  BANK12  BANK13  BANK14
      Params:         2       0       0       0       0       0       0       0       0       0       0       0       0       0       0       0
      Locals:         0       0       0       0       0       0       0       0       0       0       0       0       0       0       0       0
      Temps:          0       0       0       0       0       0       0       0       0       0       0       0       0       0       0       0
      Totals:         2       0       0       0       0       0       0       0       0       0       0       0       0       0       0       0
Total ram usage:        2 bytes
 Hardware stack levels used:    1
 This function calls:
		Nothing
 This function is called by:
		_rtcRead
		_MCP23008_read
		_MCP9801_TempRead
		_EEPROM_24AA512_Read
 This function uses a non-reentrant model


 *************** function _BCDtoDecimal *****************
 Defined at:
		line 98 in file "RTC_PCF8523.c"
 Parameters:    Size  Location     Type
  BCDvalue        2    0[COMRAM] int 
 Auto vars:     Size  Location     Type
		None
 Return value:  Size  Location     Type
                  1    wreg      unsigned char 
 Registers used:
		wreg, status,2, status,0, prodl, prodh
 Tracked objects:
		On entry : 
		On exit  : 
		Unchanged: 
 Data sizes:     COMRAM   BANK0   BANK1   BANK2   BANK3   BANK4   BANK5   BANK6   BANK7   BANK8   BANK9  BANK10  BANK11  BANK12  BANK13  BANK14
      Params:         2       0       0       0       0       0       0       0       0       0       0       0       0       0       0       0
      Locals:         0       0       0       0       0       0       0       0       0       0       0       0       0       0       0       0
      Temps:          4       0       0       0       0       0       0       0       0       0       0       0       0       0       0       0
      Totals:         6       0       0       0       0       0       0       0       0       0       0       0       0       0       0       0
Total ram usage:        6 bytes
 Hardware stack levels used:    1
 This function calls:
		Nothing
 This function is called by:
		_rtcRead
 This function uses a non-reentrant model


 *************** function _interrupt_Init *****************
 Defined at:
		line 15 in file "Interrupt.c"
 Parameters:    Size  Location     Type
		None
 Auto vars:     Size  Location     Type
		None
 Return value:  Size  Location     Type
                  1    wreg      void 
 Registers used:
		None
 Tracked objects:
		On entry : 
		On exit  : 
		Unchanged: 
 Data sizes:     COMRAM   BANK0   BANK1   BANK2   BANK3   BANK4   BANK5   BANK6   BANK7   BANK8   BANK9  BANK10  BANK11  BANK12  BANK13  BANK14
      Params:         0       0       0       0       0       0       0       0       0       0       0       0       0       0       0       0
      Locals:         0       0       0       0       0       0       0       0       0       0       0       0       0       0       0       0
      Temps:          0       0       0       0       0       0       0       0       0       0       0       0       0       0       0       0
      Totals:         0       0       0       0       0       0       0       0       0       0       0       0       0       0       0       0
Total ram usage:        0 bytes
 Hardware stack levels used:    1
 This function calls:
		Nothing
 This function is called by:
		_main
 This function uses a non-reentrant model


 *************** function _countDown *****************
 Defined at:
		line 61 in file "RTC_PCF8523.c"
 Parameters:    Size  Location     Type
  timeUnit        1    wreg     unsigned char 
  time            1   14[COMRAM] unsigned char 
 Auto vars:     Size  Location     Type
  timeUnit        1   15[COMRAM] unsigned char 
 Return value:  Size  Location     Type
                  1    wreg      void 
 Registers used:
		wreg, status,2, cstack
 Tracked objects:
		On entry : 
		On exit  : 
		Unchanged: 
 Data sizes:     COMRAM   BANK0   BANK1   BANK2   BANK3   BANK4   BANK5   BANK6   BANK7   BANK8   BANK9  BANK10  BANK11  BANK12  BANK13  BANK14
      Params:         1       0       0       0       0       0       0       0       0       0       0       0       0       0       0       0
      Locals:         1       0       0       0       0       0       0       0       0       0       0       0       0       0       0       0
      Temps:          0       0       0       0       0       0       0       0       0       0       0       0       0       0       0       0
      Totals:         2       0       0       0       0       0       0       0       0       0       0       0       0       0       0       0
Total ram usage:        2 bytes
 Hardware stack levels used:    1
 Hardware stack levels required when called:    3
 This function calls:
		_PCF8523_write
 This function is called by:
		_main
 This function uses a non-reentrant model


 *************** function _SYSTEM_Initialize *****************
 Defined at:
		line 50 in file "mcc_generated_files/mcc.c"
 Parameters:    Size  Location     Type
		None
 Auto vars:     Size  Location     Type
		None
 Return value:  Size  Location     Type
                  1    wreg      void 
 Registers used:
		wreg, status,2, status,0, prodl, prodh, cstack
 Tracked objects:
		On entry : 
		On exit  : 
		Unchanged: 
 Data sizes:     COMRAM   BANK0   BANK1   BANK2   BANK3   BANK4   BANK5   BANK6   BANK7   BANK8   BANK9  BANK10  BANK11  BANK12  BANK13  BANK14
      Params:         0       0       0       0       0       0       0       0       0       0       0       0       0       0       0       0
      Locals:         0       0       0       0       0       0       0       0       0       0       0       0       0       0       0       0
      Temps:          0       0       0       0       0       0       0       0       0       0       0       0       0       0       0       0
      Totals:         0       0       0       0       0       0       0       0       0       0       0       0       0       0       0       0
Total ram usage:        0 bytes
 Hardware stack levels used:    1
 Hardware stack levels required when called:    2
 This function calls:
		_EUSART1_Initialize
		_I2C_Init
		_OSCILLATOR_Initialize
		_PIN_MANAGER_Initialize
		_SPI1_Initialize
 This function is called by:
		_main
 This function uses a non-reentrant model


 *************** function _SPI1_Initialize *****************
 Defined at:
		line 65 in file "mcc_generated_files/spi1.c"
 Parameters:    Size  Location     Type
		None
 Auto vars:     Size  Location     Type
		None
 Return value:  Size  Location     Type
                  1    wreg      void 
 Registers used:
		wreg, status,2
 Tracked objects:
		On entry : 
		On exit  : 
		Unchanged: 
 Data sizes:     COMRAM   BANK0   BANK1   BANK2   BANK3   BANK4   BANK5   BANK6   BANK7   BANK8   BANK9  BANK10  BANK11  BANK12  BANK13  BANK14
      Params:         0       0       0       0       0       0       0       0       0       0       0       0       0       0       0       0
      Locals:         0       0       0       0       0       0       0       0       0       0       0       0       0       0       0       0
      Temps:          0       0       0       0       0       0       0       0       0       0       0       0       0       0       0       0
      Totals:         0       0       0       0       0       0       0       0       0       0       0       0       0       0       0       0
Total ram usage:        0 bytes
 Hardware stack levels used:    1
 This function calls:
		Nothing
 This function is called by:
		_SYSTEM_Initialize
 This function uses a non-reentrant model


 *************** function _PIN_MANAGER_Initialize *****************
 Defined at:
		line 52 in file "mcc_generated_files/pin_manager.c"
 Parameters:    Size  Location     Type
		None
 Auto vars:     Size  Location     Type
		None
 Return value:  Size  Location     Type
                  1    wreg      void 
 Registers used:
		wreg, status,2
 Tracked objects:
		On entry : 
		On exit  : 
		Unchanged: 
 Data sizes:     COMRAM   BANK0   BANK1   BANK2   BANK3   BANK4   BANK5   BANK6   BANK7   BANK8   BANK9  BANK10  BANK11  BANK12  BANK13  BANK14
      Params:         0       0       0       0       0       0       0       0       0       0       0       0       0       0       0       0
      Locals:         0       0       0       0       0       0       0       0       0       0       0       0       0       0       0       0
      Temps:          0       0       0       0       0       0       0       0       0       0       0       0       0       0       0       0
      Totals:         0       0       0       0       0       0       0       0       0       0       0       0       0       0       0       0
Total ram usage:        0 bytes
 Hardware stack levels used:    1
 This function calls:
		Nothing
 This function is called by:
		_SYSTEM_Initialize
 This function uses a non-reentrant model


 *************** function _OSCILLATOR_Initialize *****************
 Defined at:
		line 59 in file "mcc_generated_files/mcc.c"
 Parameters:    Size  Location     Type
		None
 Auto vars:     Size  Location     Type
		None
 Return value:  Size  Location     Type
                  1    wreg      void 
 Registers used:
		wreg, status,2
 Tracked objects:
		On entry : 
		On exit  : 
		Unchanged: 
 Data sizes:     COMRAM   BANK0   BANK1   BANK2   BANK3   BANK4   BANK5   BANK6   BANK7   BANK8   BANK9  BANK10  BANK11  BANK12  BANK13  BANK14
      Params:         0       0       0       0       0       0       0       0       0       0       0       0       0       0       0       0
      Locals:         0       0       0       0       0       0       0       0       0       0       0       0       0       0       0       0
      Temps:          2       0       0       0       0       0       0       0       0       0       0       0       0       0       0       0
      Totals:         2       0       0       0       0       0       0       0       0       0       0       0       0       0       0       0
Total ram usage:        2 bytes
 Hardware stack levels used:    1
 This function calls:
		Nothing
 This function is called by:
		_SYSTEM_Initialize
 This function uses a non-reentrant model


 *************** function _I2C_Init *****************
 Defined at:
		line 20 in file "I2C.c"
 Parameters:    Size  Location     Type
  F_clock         1    wreg     unsigned char 
 Auto vars:     Size  Location     Type
  F_clock         1   20[COMRAM] unsigned char 
 Return value:  Size  Location     Type
                  1    wreg      void 
 Registers used:
		wreg, status,2, status,0, prodl, prodh, cstack
 Tracked objects:
		On entry : 
		On exit  : 
		Unchanged: 
 Data sizes:     COMRAM   BANK0   BANK1   BANK2   BANK3   BANK4   BANK5   BANK6   BANK7   BANK8   BANK9  BANK10  BANK11  BANK12  BANK13  BANK14
      Params:         0       0       0       0       0       0       0       0       0       0       0       0       0       0       0       0
      Locals:         1       0       0       0       0       0       0       0       0       0       0       0       0       0       0       0
      Temps:          0       0       0       0       0       0       0       0       0       0       0       0       0       0       0       0
      Totals:         1       0       0       0       0       0       0       0       0       0       0       0       0       0       0       0
Total ram usage:        1 bytes
 Hardware stack levels used:    1
 Hardware stack levels required when called:    1
 This function calls:
		___aldiv
		___wmul
 This function is called by:
		_SYSTEM_Initialize
 This function uses a non-reentrant model


 *************** function ___wmul *****************
 Defined at:
		line 15 in file "C:\Program Files (x86)\Microchip\xc8\v1.45\sources\common\Umul16.c"
 Parameters:    Size  Location     Type
  multiplier      2    0[COMRAM] unsigned int 
  multiplicand    2    2[COMRAM] unsigned int 
 Auto vars:     Size  Location     Type
  product         2    4[COMRAM] unsigned int 
 Return value:  Size  Location     Type
                  2    0[COMRAM] unsigned int 
 Registers used:
		wreg, status,2, status,0, prodl, prodh
 Tracked objects:
		On entry : 
		On exit  : 
		Unchanged: 
 Data sizes:     COMRAM   BANK0   BANK1   BANK2   BANK3   BANK4   BANK5   BANK6   BANK7   BANK8   BANK9  BANK10  BANK11  BANK12  BANK13  BANK14
      Params:         4       0       0       0       0       0       0       0       0       0       0       0       0       0       0       0
      Locals:         2       0       0       0       0       0       0       0       0       0       0       0       0       0       0       0
      Temps:          0       0       0       0       0       0       0       0       0       0       0       0       0       0       0       0
      Totals:         6       0       0       0       0       0       0       0       0       0       0       0       0       0       0       0
Total ram usage:        6 bytes
 Hardware stack levels used:    1
 This function calls:
		Nothing
 This function is called by:
		_I2C_Init
 This function uses a non-reentrant model


 *************** function ___aldiv *****************
 Defined at:
		line 8 in file "C:\Program Files (x86)\Microchip\xc8\v1.45\sources\common\aldiv.c"
 Parameters:    Size  Location     Type
  dividend        4    6[COMRAM] long 
  divisor         4   10[COMRAM] long 
 Auto vars:     Size  Location     Type
  quotient        4   16[COMRAM] long 
  sign            1   15[COMRAM] unsigned char 
  counter         1   14[COMRAM] unsigned char 
 Return value:  Size  Location     Type
                  4    6[COMRAM] long 
 Registers used:
		wreg, status,2, status,0
 Tracked objects:
		On entry : 
		On exit  : 
		Unchanged: 
 Data sizes:     COMRAM   BANK0   BANK1   BANK2   BANK3   BANK4   BANK5   BANK6   BANK7   BANK8   BANK9  BANK10  BANK11  BANK12  BANK13  BANK14
      Params:         8       0       0       0       0       0       0       0       0       0       0       0       0       0       0       0
      Locals:         6       0       0       0       0       0       0       0       0       0       0       0       0       0       0       0
      Temps:          0       0       0       0       0       0       0       0       0       0       0       0       0       0       0       0
      Totals:        14       0       0       0       0       0       0       0       0       0       0       0       0       0       0       0
Total ram usage:       14 bytes
 Hardware stack levels used:    1
 This function calls:
		Nothing
 This function is called by:
		_I2C_Init
 This function uses a non-reentrant model


 *************** function _EUSART1_Initialize *****************
 Defined at:
		line 68 in file "mcc_generated_files/eusart1.c"
 Parameters:    Size  Location     Type
		None
 Auto vars:     Size  Location     Type
		None
 Return value:  Size  Location     Type
                  1    wreg      void 
 Registers used:
		wreg, status,2, status,0, cstack
 Tracked objects:
		On entry : 
		On exit  : 
		Unchanged: 
 Data sizes:     COMRAM   BANK0   BANK1   BANK2   BANK3   BANK4   BANK5   BANK6   BANK7   BANK8   BANK9  BANK10  BANK11  BANK12  BANK13  BANK14
      Params:         0       0       0       0       0       0       0       0       0       0       0       0       0       0       0       0
      Locals:         0       0       0       0       0       0       0       0       0       0       0       0       0       0       0       0
      Temps:          0       0       0       0       0       0       0       0       0       0       0       0       0       0       0       0
      Totals:         0       0       0       0       0       0       0       0       0       0       0       0       0       0       0       0
Total ram usage:        0 bytes
 Hardware stack levels used:    1
 Hardware stack levels required when called:    1
 This function calls:
		_EUSART1_SetErrorHandler
		_EUSART1_SetFramingErrorHandler
[...]
      Temps:          0       0       0       0       0       0       0       0       0       0       0       0       0       0       0       0
      Totals:         2       0       0       0       0       0       0       0       0       0       0       0       0       0       0       0
Total ram usage:        2 bytes
 Hardware stack levels used:    1
 Hardware stack levels required when called:    2
 This function calls:
		_I2C_Write
		_I2C_start
		_I2C_stop
 This function is called by:
		_RTC_Init
		_setTime
		_setDate
		_countDown
		_rtc_INTF_CLR
		_setAlarm
 This function uses a non-reentrant model


 *************** function _I2C_buffClear *****************
 Defined at:
		line 80 in file "I2C.c"
 Parameters:    Size  Location     Type
		None
 Auto vars:     Size  Location     Type
		None
 Return value:  Size  Location     Type
                  1    wreg      void 
 Registers used:
		wreg, cstack
 Tracked objects:
		On entry : 
		On exit  : 
		Unchanged: 
 Data sizes:     COMRAM   BANK0   BANK1   BANK2   BANK3   BANK4   BANK5   BANK6   BANK7   BANK8   BANK9  BANK10  BANK11  BANK12  BANK13  BANK14
      Params:         0       0       0       0       0       0       0       0       0       0       0       0       0       0       0       0
      Locals:         0       0       0       0       0       0       0       0       0       0       0       0       0       0       0       0
      Temps:          0       0       0       0       0       0       0       0       0       0       0       0       0       0       0       0
      Totals:         0       0       0       0       0       0       0       0       0       0       0       0       0       0       0       0
Total ram usage:        0 bytes
 Hardware stack levels used:    1
 Hardware stack levels required when called:    2
 This function calls:
		_I2C_Write
		_I2C_start
		_I2C_stop
 This function is called by:
		_main
 This function uses a non-reentrant model


 *************** function _I2C_start *****************
 Defined at:
		line 50 in file "I2C.c"
 Parameters:    Size  Location     Type
		None
 Auto vars:     Size  Location     Type
		None
 Return value:  Size  Location     Type
                  1    wreg      void 
 Registers used:
		None
 Tracked objects:
		On entry : 
		On exit  : 
		Unchanged: 
 Data sizes:     COMRAM   BANK0   BANK1   BANK2   BANK3   BANK4   BANK5   BANK6   BANK7   BANK8   BANK9  BANK10  BANK11  BANK12  BANK13  BANK14
      Params:         0       0       0       0       0       0       0       0       0       0       0       0       0       0       0       0
      Locals:         0       0       0       0       0       0       0       0       0       0       0       0       0       0       0       0
      Temps:          0       0       0       0       0       0       0       0       0       0       0       0       0       0       0       0
      Totals:         0       0       0       0       0       0       0       0       0       0       0       0       0       0       0       0
Total ram usage:        0 bytes
 Hardware stack levels used:    1
 This function calls:
		Nothing
 This function is called by:
		_I2C_buffClear
		_rtcRead
		_PCF8523_write
		_I2C_BusSCan
		_MCP23008_Init
		_MCP23008_Write
		_MCP23008_read
		_MCP9801_Init
		_MCP9801_TempRead
		_EEPROM_24AA512_Write
		_EEPROM_24AA512_Read
		_EEPROM_24AA512_pageWrite
 This function uses a non-reentrant model


 *************** function _I2C_Write *****************
 Defined at:
		line 31 in file "I2C.c"
 Parameters:    Size  Location     Type
  data            1    wreg     unsigned char 
 Auto vars:     Size  Location     Type
  data            1    0[COMRAM] unsigned char 
 Return value:  Size  Location     Type
                  1    wreg      void 
 Registers used:
		wreg, cstack
 Tracked objects:
		On entry : 
		On exit  : 
		Unchanged: 
 Data sizes:     COMRAM   BANK0   BANK1   BANK2   BANK3   BANK4   BANK5   BANK6   BANK7   BANK8   BANK9  BANK10  BANK11  BANK12  BANK13  BANK14
      Params:         0       0       0       0       0       0       0       0       0       0       0       0       0       0       0       0
      Locals:         1       0       0       0       0       0       0       0       0       0       0       0       0       0       0       0
      Temps:          0       0       0       0       0       0       0       0       0       0       0       0       0       0       0       0
      Totals:         1       0       0       0       0       0       0       0       0       0       0       0       0       0       0       0
Total ram usage:        1 bytes
 Hardware stack levels used:    1
 Hardware stack levels required when called:    1
 This function calls:
		_I2C_stop
 This function is called by:
		_I2C_buffClear
		_rtcRead
		_PCF8523_write
		_I2C_BusSCan
		_MCP23008_Init
		_MCP23008_Write
		_MCP23008_read
		_MCP9801_Init
		_MCP9801_TempRead
		_EEPROM_24AA512_Write
		_EEPROM_24AA512_Read
		_EEPROM_24AA512_pageWrite
 This function uses a non-reentrant model


 *************** function _I2C_stop *****************
 Defined at:
		line 62 in file "I2C.c"
 Parameters:    Size  Location     Type
		None
 Auto vars:     Size  Location     Type
		None
 Return value:  Size  Location     Type
                  1    wreg      void 
 Registers used:
		None
 Tracked objects:
		On entry : 
		On exit  : 
		Unchanged: 
 Data sizes:     COMRAM   BANK0   BANK1   BANK2   BANK3   BANK4   BANK5   BANK6   BANK7   BANK8   BANK9  BANK10  BANK11  BANK12  BANK13  BANK14
      Params:         0       0       0       0       0       0       0       0       0       0       0       0       0       0       0       0
      Locals:         0       0       0       0       0       0       0       0       0       0       0       0       0       0       0       0
      Temps:          0       0       0       0       0       0       0       0       0       0       0       0       0       0       0       0
      Totals:         0       0       0       0       0       0       0       0       0       0       0       0       0       0       0       0
Total ram usage:        0 bytes
 Hardware stack levels used:    1
 This function calls:
		Nothing
 This function is called by:
		_I2C_Write
		_I2C_buffClear
		_rtcRead
		_PCF8523_write
		_I2C_BusSCan
		_MCP23008_Init
		_MCP23008_Write
		_MCP23008_read
		_MCP9801_Init
		_MCP9801_TempRead
		_EEPROM_24AA512_Write
		_EEPROM_24AA512_Read
		_EEPROM_24AA512_pageWrite
 This function uses a non-reentrant model


 *************** function _EUSART1_itoa *****************
 Defined at:
		line 145 in file "mcc_generated_files/eusart1.c"
 Parameters:    Size  Location     Type
  data            4   24[COMRAM] unsigned long 
  base            2   28[COMRAM] int 
 Auto vars:     Size  Location     Type
  buf            10   30[COMRAM] unsigned char [10]
 Return value:  Size  Location     Type
                  1    wreg      void 
 Registers used:
		wreg, fsr0l, fsr0h, fsr2l, fsr2h, status,2, status,0, tblptrl, tblptrh, tblptru, prodl, prodh, cstack
 Tracked objects:
		On entry : 
		On exit  : 
		Unchanged: 
 Data sizes:     COMRAM   BANK0   BANK1   BANK2   BANK3   BANK4   BANK5   BANK6   BANK7   BANK8   BANK9  BANK10  BANK11  BANK12  BANK13  BANK14
      Params:         6       0       0       0       0       0       0       0       0       0       0       0       0       0       0       0
      Locals:        10       0       0       0       0       0       0       0       0       0       0       0       0       0       0       0
      Temps:          0       0       0       0       0       0       0       0       0       0       0       0       0       0       0       0
      Totals:        16       0       0       0       0       0       0       0       0       0       0       0       0       0       0       0
Total ram usage:       16 bytes
 Hardware stack levels used:    1
 Hardware stack levels required when called:    3
 This function calls:
		_EUSART1_Write_Text
		_itoa
 This function is called by:
		_main
 This function uses a non-reentrant model


 *************** function _itoa *****************
 Defined at:
		line 4 in file "C:\Program Files (x86)\Microchip\xc8\v1.45\sources\common\itoa.c"
 Parameters:    Size  Location     Type
  buf             2   16[COMRAM] PTR unsigned char 
		 -> EUSART1_itoa@buf(10), 
  val             2   18[COMRAM] int 
  base            2   20[COMRAM] int 
 Auto vars:     Size  Location     Type
  cp              2   22[COMRAM] PTR unsigned char 
		 -> EUSART1_itoa@buf(10), 
 Return value:  Size  Location     Type
                  2   16[COMRAM] PTR unsigned char 
 Registers used:
		wreg, fsr2l, fsr2h, status,2, status,0, cstack
 Tracked objects:
		On entry : 
		On exit  : 
		Unchanged: 
 Data sizes:     COMRAM   BANK0   BANK1   BANK2   BANK3   BANK4   BANK5   BANK6   BANK7   BANK8   BANK9  BANK10  BANK11  BANK12  BANK13  BANK14
      Params:         6       0       0       0       0       0       0       0       0       0       0       0       0       0       0       0
      Locals:         2       0       0       0       0       0       0       0       0       0       0       0       0       0       0       0
      Temps:          0       0       0       0       0       0       0       0       0       0       0       0       0       0       0       0
      Totals:         8       0       0       0       0       0       0       0       0       0       0       0       0       0       0       0
Total ram usage:        8 bytes
 Hardware stack levels used:    1
 Hardware stack levels required when called:    2
 This function calls:
		_utoa
 This function is called by:
		_EUSART1_itoa
 This function uses a non-reentrant model


 *************** function _utoa *****************
 Defined at:
		line 17 in file "C:\Program Files (x86)\Microchip\xc8\v1.45\sources\common\itoa.c"
 Parameters:    Size  Location     Type
  buf             2    7[COMRAM] PTR unsigned char 
		 -> EUSART1_itoa@buf(10), 
  val             2    9[COMRAM] unsigned int 
  base            2   11[COMRAM] int 
 Auto vars:     Size  Location     Type
  v               2   13[COMRAM] unsigned int 
  c               1   15[COMRAM] unsigned char 
 Return value:  Size  Location     Type
                  2    7[COMRAM] PTR unsigned char 
 Registers used:
		wreg, fsr2l, fsr2h, status,2, status,0, cstack
 Tracked objects:
		On entry : 
		On exit  : 
		Unchanged: 
 Data sizes:     COMRAM   BANK0   BANK1   BANK2   BANK3   BANK4   BANK5   BANK6   BANK7   BANK8   BANK9  BANK10  BANK11  BANK12  BANK13  BANK14
      Params:         6       0       0       0       0       0       0       0       0       0       0       0       0       0       0       0
      Locals:         3       0       0       0       0       0       0       0       0       0       0       0       0       0       0       0
      Temps:          0       0       0       0       0       0       0       0       0       0       0       0       0       0       0       0
      Totals:         9       0       0       0       0       0       0       0       0       0       0       0       0       0       0       0
Total ram usage:        9 bytes
 Hardware stack levels used:    1
 Hardware stack levels required when called:    1
 This function calls:
		___lwdiv
		___lwmod
 This function is called by:
		_itoa
 This function uses a non-reentrant model


 *************** function ___lwmod *****************
 Defined at:
		line 8 in file "C:\Program Files (x86)\Microchip\xc8\v1.45\sources\common\lwmod.c"
 Parameters:    Size  Location     Type
  dividend        2    0[COMRAM] unsigned int 
  divisor         2    2[COMRAM] unsigned int 
 Auto vars:     Size  Location     Type
  counter         1    4[COMRAM] unsigned char 
 Return value:  Size  Location     Type
                  2    0[COMRAM] unsigned int 
 Registers used:
		wreg, status,2, status,0
 Tracked objects:
		On entry : 
		On exit  : 
		Unchanged: 
 Data sizes:     COMRAM   BANK0   BANK1   BANK2   BANK3   BANK4   BANK5   BANK6   BANK7   BANK8   BANK9  BANK10  BANK11  BANK12  BANK13  BANK14
      Params:         4       0       0       0       0       0       0       0       0       0       0       0       0       0       0       0
      Locals:         1       0       0       0       0       0       0       0       0       0       0       0       0       0       0       0
      Temps:          0       0       0       0       0       0       0       0       0       0       0       0       0       0       0       0
      Totals:         5       0       0       0       0       0       0       0       0       0       0       0       0       0       0       0
Total ram usage:        5 bytes
 Hardware stack levels used:    1
 This function calls:
		Nothing
 This function is called by:
		_utoa
 This function uses a non-reentrant model


 *************** function ___lwdiv *****************
 Defined at:
		line 8 in file "C:\Program Files (x86)\Microchip\xc8\v1.45\sources\common\lwdiv.c"
 Parameters:    Size  Location     Type
  dividend        2    0[COMRAM] unsigned int 
  divisor         2    2[COMRAM] unsigned int 
 Auto vars:     Size  Location     Type
  quotient        2    4[COMRAM] unsigned int 
  counter         1    6[COMRAM] unsigned char 
 Return value:  Size  Location     Type
                  2    0[COMRAM] unsigned int 
 Registers used:
		wreg, status,2, status,0
 Tracked objects:
		On entry : 
		On exit  : 
		Unchanged: 
 Data sizes:     COMRAM   BANK0   BANK1   BANK2   BANK3   BANK4   BANK5   BANK6   BANK7   BANK8   BANK9  BANK10  BANK11  BANK12  BANK13  BANK14
      Params:         4       0       0       0       0       0       0       0       0       0       0       0       0       0       0       0
      Locals:         3       0       0       0       0       0       0       0       0       0       0       0       0       0       0       0
      Temps:          0       0       0       0       0       0       0       0       0       0       0       0       0       0       0       0
      Totals:         7       0       0       0       0       0       0       0       0       0       0       0       0       0       0       0
Total ram usage:        7 bytes
 Hardware stack levels used:    1
 This function calls:
		Nothing
 This function is called by:
		_utoa
 This function uses a non-reentrant model


 *************** function _EUSART1_Write_Text *****************
 Defined at:
		line 135 in file "mcc_generated_files/eusart1.c"
 Parameters:    Size  Location     Type
  pbData          2    0[COMRAM] PTR unsigned char 
		 -> STR_1(2), EUSART1_itoa@buf(10), 
  iSize           1    2[COMRAM] unsigned char 
 Auto vars:     Size  Location     Type
  iSizeQueued     1    5[COMRAM] unsigned char 
 Return value:  Size  Location     Type
                  1    wreg      void 
 Registers used:
		wreg, fsr0l, fsr0h, fsr2l, fsr2h, status,2, status,0, tblptrl, tblptrh, tblptru, prodl, prodh
 Tracked objects:
		On entry : 
		On exit  : 
		Unchanged: 
 Data sizes:     COMRAM   BANK0   BANK1   BANK2   BANK3   BANK4   BANK5   BANK6   BANK7   BANK8   BANK9  BANK10  BANK11  BANK12  BANK13  BANK14
      Params:         3       0       0       0       0       0       0       0       0       0       0       0       0       0       0       0
      Locals:         1       0       0       0       0       0       0       0       0       0       0       0       0       0       0       0
      Temps:          2       0       0       0       0       0       0       0       0       0       0       0       0       0       0       0
      Totals:         6       0       0       0       0       0       0       0       0       0       0       0       0       0       0       0
Total ram usage:        6 bytes
 Hardware stack levels used:    1
 This function calls:
		Nothing
 This function is called by:
		_EUSART1_itoa
 This function uses a non-reentrant model



MODULE INFORMATION

Module		Function		Class		Link	Load	Size
C:\Program Files (x86)\Microchip\xc8\v1.45\sources\common\Umul16.c
		___wmul        		CODE           	17CC	0000	39

C:\Program Files (x86)\Microchip\xc8\v1.45\sources\common\Umul16.c estimated size: 39

I2C.c
		_I2C_stop      		CODE           	18F2	0000	11
		_I2C_read      		CODE           	187E	0000	23
		_I2C_buffClear 		CODE           	1894	0000	17
		_I2C_Write     		CODE           	184C	0000	27
		_I2C_start     		CODE           	18E8	0000	11
		_I2C_Init      		CODE           	14A6	0000	85

I2C.c estimated size: 174

mcc_generated_files/pin_manager.c
		_PIN_MANAGER_Initialize		CODE           	1596	0000	69

mcc_generated_files/pin_manager.c estimated size: 69

mcc_generated_files/spi1.c
		_SPI1_Initialize		CODE           	18A4	0000	15

mcc_generated_files/spi1.c estimated size: 15

C:\Program Files (x86)\Microchip\xc8\v1.45\sources\common\lwmod.c
		___lwmod       		CODE           	161C	0000	67

C:\Program Files (x86)\Microchip\xc8\v1.45\sources\common\lwmod.c estimated size: 67

C:\Program Files (x86)\Microchip\xc8\v1.45\sources\common\awmod.c
		___awmod       		CODE           	1436	0000	113

C:\Program Files (x86)\Microchip\xc8\v1.45\sources\common\awmod.c estimated size: 113

RTC_PCF8523.c
		_decimalToBCD  		CODE           	1716	0000	57
		_BCDtoDecimal  		CODE           	17A4	0000	41
		_setDate       		CODE           	1044	0000	229
		_RTC_Init      		CODE           	17F2	0000	33
		_rtc_INTF_CLR  		CODE           	1830	0000	29
		_rtcRead       		CODE           	16DA	0000	61
		_countDown     		CODE           	174E	0000	45
		_setTime       		CODE           	0F3E	0000	263
		_PCF8523_write 		CODE           	1812	0000	31

RTC_PCF8523.c estimated size: 789

shared
		exp@coeff      		SMALLCONST     	0000	0000	0
		__initialization		CODE           	154C	0000	65
		log@coeff      		SMALLCONST     	0000	0000	0

shared estimated size: 65

Interrupt.c
		_interrupt_Init		CODE           	18C0	0000	11

Interrupt.c estimated size: 11

mcc_generated_files/eusart1.c
		_EUSART1_Initialize		CODE           	165E	0000	63
		_EUSART1_SetFramingErrorHandler		CODE           	18D4	0000	11
		_EUSART1_Write_Text		CODE           	132C	0000	135
		_EUSART1_itoa  		CODE           	169C	0000	63
		_EUSART1_SetOverrunErrorHandler		CODE           	18CA	0000	11
		_EUSART1_SetErrorHandler		CODE           	18DE	0000	11

mcc_generated_files/eusart1.c estimated size: 294

mcc_generated_files/mcc.c
		_OSCILLATOR_Initialize		CODE           	177A	0000	43
		_SYSTEM_Initialize		CODE           	1866	0000	25

mcc_generated_files/mcc.c estimated size: 68

C:\Program Files (x86)\Microchip\xc8\v1.45\sources\common\lwdiv.c
		___lwdiv       		CODE           	14FA	0000	83

C:\Program Files (x86)\Microchip\xc8\v1.45\sources\common\lwdiv.c estimated size: 83

C:\Program Files (x86)\Microchip\xc8\v1.45\sources\common\awdiv.c
		___awdiv       		CODE           	13B2	0000	133

C:\Program Files (x86)\Microchip\xc8\v1.45\sources\common\awdiv.c estimated size: 133

C:\Program Files (x86)\Microchip\xc8\v1.45\sources\common\aldiv.c
		___aldiv       		CODE           	1128	0000	205

C:\Program Files (x86)\Microchip\xc8\v1.45\sources\common\aldiv.c estimated size: 205

main.c
		_main          		CODE           	1298	0000	149

main.c estimated size: 149

C:\Program Files (x86)\Microchip\xc8\v1.45\sources\common\itoa.c
		_itoa          		CODE           	15DA	0000	67
		_utoa          		CODE           	11F4	0000	165

C:\Program Files (x86)\Microchip\xc8\v1.45\sources\common\itoa.c estimated size: 232

